
> faded-chapter-backend@1.0.0 test
> vitest


 DEV  v1.6.1 /Users/apple/Projects/faded-chapter-backend

 ❯ src/__tests__/payment.integration.test.ts  (0 test)
 ❯ src/__tests__/webhook.integration.test.ts  (0 test)
stdout | src/__tests__/integration/security.test.ts
✅ faded_chapter_test connected

stdout | src/__tests__/db/order-numbering.test.ts
✅ faded_chapter_test connected

stdout | src/__tests__/integration/soft-delete.test.ts
✅ faded_chapter_test connected

stdout | src/__tests__/integration/auth-flow.test.ts
✅ faded_chapter_test connected

stdout | src/__tests__/integration/security.test.ts
✅ Migrations completed
✅ Test database initialized

stdout | src/__tests__/integration/auth-flow.test.ts
✅ Migrations completed
✅ Test database initialized

stdout | src/__tests__/integration/soft-delete.test.ts
✅ Migrations completed
✅ Test database initialized

stdout | src/__tests__/db/order-numbering.test.ts
✅ faded_chapter_test connected

stdout | src/__tests__/db/order-numbering.test.ts
✅ Migrations completed
✅ Test database initialized

stdout | src/__tests__/integration/security.test.ts > Security Tests > Token Security > should hash session tokens
query failed: INSERT INTO "customers"("id", "store_id", "email", "email_normalized", "first_name", "last_name", "phone", "status", "email_verified", "email_verified_at", "created_at", "updated_at", "deleted_at") VALUES (DEFAULT, $1, $2, $3, $4, $5, $6, $7, $8, DEFAULT, DEFAULT, DEFAULT, DEFAULT) RETURNING "status", "email_verified", "created_at", "updated_at" -- PARAMETERS: ["6752c533-8447-4c69-a108-fc9335f37d41","testuser@example.com","testuser@example.com",null,null,null,"active",false]
error: error: null value in column "id" of relation "customers" violates not-null constraint

stdout | src/__tests__/integration/auth-flow.test.ts > Auth Flow Tests > Registration Flow > should register new customer successfully
query failed: INSERT INTO "customers"("id", "store_id", "email", "email_normalized", "first_name", "last_name", "phone", "status", "email_verified", "email_verified_at", "created_at", "updated_at", "deleted_at") VALUES (DEFAULT, $1, $2, $3, $4, $5, $6, $7, $8, DEFAULT, DEFAULT, DEFAULT, DEFAULT) RETURNING "status", "email_verified", "created_at", "updated_at" -- PARAMETERS: ["143b2877-ba67-4202-8700-bb7d77c61fc6","testuser@example.com","testuser@example.com","Test","User",null,"active",false]
error: error: null value in column "id" of relation "customers" violates not-null constraint

stdout | src/__tests__/integration/auth-flow.test.ts > Auth Flow Tests > Registration Flow > should reject duplicate email registration
query failed: INSERT INTO "customers"("id", "store_id", "email", "email_normalized", "first_name", "last_name", "phone", "status", "email_verified", "email_verified_at", "created_at", "updated_at", "deleted_at") VALUES (DEFAULT, $1, $2, $3, $4, $5, $6, $7, $8, DEFAULT, DEFAULT, DEFAULT, DEFAULT) RETURNING "status", "email_verified", "created_at", "updated_at" -- PARAMETERS: ["9a92b41c-1b12-4310-8a88-ef917307c218","testuser@example.com","testuser@example.com",null,null,null,"active",false]
error: error: null value in column "id" of relation "customers" violates not-null constraint

stdout | src/__tests__/integration/security.test.ts > Security Tests > Token Security > should not store raw tokens in database
query failed: INSERT INTO "customers"("id", "store_id", "email", "email_normalized", "first_name", "last_name", "phone", "status", "email_verified", "email_verified_at", "created_at", "updated_at", "deleted_at") VALUES (DEFAULT, $1, $2, $3, $4, $5, $6, $7, $8, DEFAULT, DEFAULT, DEFAULT, DEFAULT) RETURNING "status", "email_verified", "created_at", "updated_at" -- PARAMETERS: ["5f92c127-d0a1-48d1-bd98-1b1f95d19066","testuser@example.com","testuser@example.com",null,null,null,"active",false]
error: error: null value in column "id" of relation "customers" violates not-null constraint

stdout | src/__tests__/integration/auth-flow.test.ts > Auth Flow Tests > Registration Flow > should reject weak passwords
query failed: INSERT INTO "customers"("id", "store_id", "email", "email_normalized", "first_name", "last_name", "phone", "status", "email_verified", "email_verified_at", "created_at", "updated_at", "deleted_at") VALUES (DEFAULT, $1, $2, $3, $4, $5, $6, $7, $8, DEFAULT, DEFAULT, DEFAULT, DEFAULT) RETURNING "status", "email_verified", "created_at", "updated_at" -- PARAMETERS: ["fab202ba-d5c3-48b4-831a-e7657aecea4d","testuser@example.com","testuser@example.com",null,null,null,"active",false]
error: error: null value in column "id" of relation "customers" violates not-null constraint

stdout | src/__tests__/integration/soft-delete.test.ts > Soft Delete Tests > Customer Soft Delete > should allow email reuse after soft delete
query failed: INSERT INTO "customers"("id", "store_id", "email", "email_normalized", "first_name", "last_name", "phone", "status", "email_verified", "email_verified_at", "created_at", "updated_at", "deleted_at") VALUES (DEFAULT, $1, $2, $3, DEFAULT, DEFAULT, DEFAULT, $4, DEFAULT, DEFAULT, DEFAULT, DEFAULT, DEFAULT) RETURNING "status", "email_verified", "created_at", "updated_at" -- PARAMETERS: ["5310d902-4795-41d7-beb7-128e3e6cf98a","reusable@example.com","reusable@example.com","active"]
error: error: null value in column "id" of relation "customers" violates not-null constraint

stdout | src/__tests__/integration/security.test.ts > Security Tests > Token Security > should verify tokens via hash comparison
query failed: INSERT INTO "customers"("id", "store_id", "email", "email_normalized", "first_name", "last_name", "phone", "status", "email_verified", "email_verified_at", "created_at", "updated_at", "deleted_at") VALUES (DEFAULT, $1, $2, $3, $4, $5, $6, $7, $8, DEFAULT, DEFAULT, DEFAULT, DEFAULT) RETURNING "status", "email_verified", "created_at", "updated_at" -- PARAMETERS: ["4587af9f-ac1d-44d8-be9f-b48ab688c398","testuser@example.com","testuser@example.com",null,null,null,"active",false]
error: error: null value in column "id" of relation "customers" violates not-null constraint

stdout | src/__tests__/integration/auth-flow.test.ts > Auth Flow Tests > Registration Flow > should create default preferences on registration
query failed: INSERT INTO "customers"("id", "store_id", "email", "email_normalized", "first_name", "last_name", "phone", "status", "email_verified", "email_verified_at", "created_at", "updated_at", "deleted_at") VALUES (DEFAULT, $1, $2, $3, $4, $5, $6, $7, $8, DEFAULT, DEFAULT, DEFAULT, DEFAULT) RETURNING "status", "email_verified", "created_at", "updated_at" -- PARAMETERS: ["ce680369-4874-4384-ab4e-79929e9adaaa","testuser@example.com","testuser@example.com",null,null,null,"active",false]
error: error: null value in column "id" of relation "customers" violates not-null constraint

stdout | src/__tests__/integration/auth-flow.test.ts > Auth Flow Tests > Login Flow > should login successfully with correct credentials
query failed: INSERT INTO "customers"("id", "store_id", "email", "email_normalized", "first_name", "last_name", "phone", "status", "email_verified", "email_verified_at", "created_at", "updated_at", "deleted_at") VALUES (DEFAULT, $1, $2, $3, $4, $5, $6, $7, $8, DEFAULT, DEFAULT, DEFAULT, DEFAULT) RETURNING "status", "email_verified", "created_at", "updated_at" -- PARAMETERS: ["5e7508ce-b12d-4df0-a276-1b27b2084539","testuser@example.com","testuser@example.com",null,null,null,"active",false]
error: error: null value in column "id" of relation "customers" violates not-null constraint

stdout | src/__tests__/integration/security.test.ts > Security Tests > Password Security > should hash passwords with bcrypt
query failed: INSERT INTO "customers"("id", "store_id", "email", "email_normalized", "first_name", "last_name", "phone", "status", "email_verified", "email_verified_at", "created_at", "updated_at", "deleted_at") VALUES (DEFAULT, $1, $2, $3, $4, $5, $6, $7, $8, DEFAULT, DEFAULT, DEFAULT, DEFAULT) RETURNING "status", "email_verified", "created_at", "updated_at" -- PARAMETERS: ["63af7516-197b-4d3a-a82b-a392fa8be45d","testuser@example.com","testuser@example.com",null,null,null,"active",false]
error: error: null value in column "id" of relation "customers" violates not-null constraint

stdout | src/__tests__/integration/soft-delete.test.ts > Soft Delete Tests > Customer Soft Delete > should not allow duplicate email when restoring
query failed: INSERT INTO "customers"("id", "store_id", "email", "email_normalized", "first_name", "last_name", "phone", "status", "email_verified", "email_verified_at", "created_at", "updated_at", "deleted_at") VALUES (DEFAULT, $1, $2, $3, DEFAULT, DEFAULT, DEFAULT, DEFAULT, DEFAULT, DEFAULT, DEFAULT, DEFAULT, DEFAULT) RETURNING "status", "email_verified", "created_at", "updated_at" -- PARAMETERS: ["6ea82933-0337-4626-86cc-cc371935548c","test@example.com","test@example.com"]
error: error: null value in column "id" of relation "customers" violates not-null constraint

stdout | src/__tests__/integration/auth-flow.test.ts > Auth Flow Tests > Login Flow > should reject login with incorrect password
query failed: INSERT INTO "customers"("id", "store_id", "email", "email_normalized", "first_name", "last_name", "phone", "status", "email_verified", "email_verified_at", "created_at", "updated_at", "deleted_at") VALUES (DEFAULT, $1, $2, $3, $4, $5, $6, $7, $8, DEFAULT, DEFAULT, DEFAULT, DEFAULT) RETURNING "status", "email_verified", "created_at", "updated_at" -- PARAMETERS: ["11848899-2b5c-4d2c-a320-c3a08c69aa0c","testuser@example.com","testuser@example.com",null,null,null,"active",false]
error: error: null value in column "id" of relation "customers" violates not-null constraint

stdout | src/__tests__/integration/security.test.ts > Security Tests > Password Security > should verify passwords securely
query failed: INSERT INTO "customers"("id", "store_id", "email", "email_normalized", "first_name", "last_name", "phone", "status", "email_verified", "email_verified_at", "created_at", "updated_at", "deleted_at") VALUES (DEFAULT, $1, $2, $3, $4, $5, $6, $7, $8, DEFAULT, DEFAULT, DEFAULT, DEFAULT) RETURNING "status", "email_verified", "created_at", "updated_at" -- PARAMETERS: ["1b4a7d4f-9d1b-4f48-8f13-3b91ce582244","testuser@example.com","testuser@example.com",null,null,null,"active",false]
error: error: null value in column "id" of relation "customers" violates not-null constraint

stdout | src/__tests__/integration/auth-flow.test.ts > Auth Flow Tests > Login Flow > should reject login with non-existent email
query failed: INSERT INTO "customers"("id", "store_id", "email", "email_normalized", "first_name", "last_name", "phone", "status", "email_verified", "email_verified_at", "created_at", "updated_at", "deleted_at") VALUES (DEFAULT, $1, $2, $3, $4, $5, $6, $7, $8, DEFAULT, DEFAULT, DEFAULT, DEFAULT) RETURNING "status", "email_verified", "created_at", "updated_at" -- PARAMETERS: ["7f7b785c-96f1-4825-9c75-8b89720ff160","testuser@example.com","testuser@example.com",null,null,null,"active",false]
error: error: null value in column "id" of relation "customers" violates not-null constraint

stdout | src/__tests__/integration/security.test.ts > Security Tests > Password Security > should use bcrypt with cost factor 10
query failed: INSERT INTO "customers"("id", "store_id", "email", "email_normalized", "first_name", "last_name", "phone", "status", "email_verified", "email_verified_at", "created_at", "updated_at", "deleted_at") VALUES (DEFAULT, $1, $2, $3, $4, $5, $6, $7, $8, DEFAULT, DEFAULT, DEFAULT, DEFAULT) RETURNING "status", "email_verified", "created_at", "updated_at" -- PARAMETERS: ["53f18339-40e2-4246-95ac-40e450443fc7","testuser@example.com","testuser@example.com",null,null,null,"active",false]
error: error: null value in column "id" of relation "customers" violates not-null constraint

stdout | src/__tests__/integration/auth-flow.test.ts > Auth Flow Tests > Login Flow > should track failed login attempts
query failed: INSERT INTO "customers"("id", "store_id", "email", "email_normalized", "first_name", "last_name", "phone", "status", "email_verified", "email_verified_at", "created_at", "updated_at", "deleted_at") VALUES (DEFAULT, $1, $2, $3, $4, $5, $6, $7, $8, DEFAULT, DEFAULT, DEFAULT, DEFAULT) RETURNING "status", "email_verified", "created_at", "updated_at" -- PARAMETERS: ["c295d999-cf9a-4b8b-bf39-5cf1704a1768","testuser@example.com","testuser@example.com",null,null,null,"active",false]
error: error: null value in column "id" of relation "customers" violates not-null constraint

stdout | src/__tests__/integration/auth-flow.test.ts > Auth Flow Tests > Login Flow > should create new session on login
query failed: INSERT INTO "customers"("id", "store_id", "email", "email_normalized", "first_name", "last_name", "phone", "status", "email_verified", "email_verified_at", "created_at", "updated_at", "deleted_at") VALUES (DEFAULT, $1, $2, $3, $4, $5, $6, $7, $8, DEFAULT, DEFAULT, DEFAULT, DEFAULT) RETURNING "status", "email_verified", "created_at", "updated_at" -- PARAMETERS: ["510ace1c-acb9-4f9e-8b1c-1d4fbf99fcd7","testuser@example.com","testuser@example.com",null,null,null,"active",false]
error: error: null value in column "id" of relation "customers" violates not-null constraint

stdout | src/__tests__/integration/auth-flow.test.ts > Auth Flow Tests > Logout Flow > should logout single session
query failed: INSERT INTO "customers"("id", "store_id", "email", "email_normalized", "first_name", "last_name", "phone", "status", "email_verified", "email_verified_at", "created_at", "updated_at", "deleted_at") VALUES (DEFAULT, $1, $2, $3, $4, $5, $6, $7, $8, DEFAULT, DEFAULT, DEFAULT, DEFAULT) RETURNING "status", "email_verified", "created_at", "updated_at" -- PARAMETERS: ["73ad9e8a-af72-4a65-ab74-39e417855484","testuser@example.com","testuser@example.com",null,null,null,"active",false]
error: error: null value in column "id" of relation "customers" violates not-null constraint

stdout | src/__tests__/integration/auth-flow.test.ts > Auth Flow Tests > Logout Flow > should logout all sessions
query failed: INSERT INTO "customers"("id", "store_id", "email", "email_normalized", "first_name", "last_name", "phone", "status", "email_verified", "email_verified_at", "created_at", "updated_at", "deleted_at") VALUES (DEFAULT, $1, $2, $3, $4, $5, $6, $7, $8, DEFAULT, DEFAULT, DEFAULT, DEFAULT) RETURNING "status", "email_verified", "created_at", "updated_at" -- PARAMETERS: ["80183bc1-5d36-40ad-91e0-7f08b8f7ec77","testuser@example.com","testuser@example.com",null,null,null,"active",false]
error: error: null value in column "id" of relation "customers" violates not-null constraint

stdout | src/__tests__/integration/auth-flow.test.ts > Auth Flow Tests > Logout Flow > should invalidate token after logout
query failed: INSERT INTO "customers"("id", "store_id", "email", "email_normalized", "first_name", "last_name", "phone", "status", "email_verified", "email_verified_at", "created_at", "updated_at", "deleted_at") VALUES (DEFAULT, $1, $2, $3, $4, $5, $6, $7, $8, DEFAULT, DEFAULT, DEFAULT, DEFAULT) RETURNING "status", "email_verified", "created_at", "updated_at" -- PARAMETERS: ["3bf3a95a-13cd-4725-b384-9084d348dbb7","testuser@example.com","testuser@example.com",null,null,null,"active",false]
error: error: null value in column "id" of relation "customers" violates not-null constraint

stdout | src/__tests__/integration/auth-flow.test.ts > Auth Flow Tests > Email Verification Flow > should send email verification token
query failed: INSERT INTO "customers"("id", "store_id", "email", "email_normalized", "first_name", "last_name", "phone", "status", "email_verified", "email_verified_at", "created_at", "updated_at", "deleted_at") VALUES (DEFAULT, $1, $2, $3, $4, $5, $6, $7, $8, DEFAULT, DEFAULT, DEFAULT, DEFAULT) RETURNING "status", "email_verified", "created_at", "updated_at" -- PARAMETERS: ["87cf3dc7-3aa6-4921-8eeb-3f9d82970249","testuser@example.com","testuser@example.com",null,null,null,"active",false]
error: error: null value in column "id" of relation "customers" violates not-null constraint

stdout | src/__tests__/integration/soft-delete.test.ts > Soft Delete Tests > Soft Delete with Unique Constraints > should respect unique constraint with deleted_at IS NULL
query failed: INSERT INTO "customers"("id", "store_id", "email", "email_normalized", "first_name", "last_name", "phone", "status", "email_verified", "email_verified_at", "created_at", "updated_at", "deleted_at") VALUES (DEFAULT, $1, $2, $3, DEFAULT, DEFAULT, DEFAULT, DEFAULT, DEFAULT, DEFAULT, DEFAULT, DEFAULT, DEFAULT) RETURNING "status", "email_verified", "created_at", "updated_at" -- PARAMETERS: ["f4001765-8ead-4cbe-971a-14795216af84","unique@example.com","unique@example.com"]
error: error: null value in column "id" of relation "customers" violates not-null constraint

stdout | src/__tests__/integration/auth-flow.test.ts > Auth Flow Tests > Email Verification Flow > should verify email with valid token
query failed: INSERT INTO "customers"("id", "store_id", "email", "email_normalized", "first_name", "last_name", "phone", "status", "email_verified", "email_verified_at", "created_at", "updated_at", "deleted_at") VALUES (DEFAULT, $1, $2, $3, $4, $5, $6, $7, $8, DEFAULT, DEFAULT, DEFAULT, DEFAULT) RETURNING "status", "email_verified", "created_at", "updated_at" -- PARAMETERS: ["aea88a5e-2399-42d8-907f-90f36b6db3f2","testuser@example.com","testuser@example.com",null,null,null,"active",false]
error: error: null value in column "id" of relation "customers" violates not-null constraint

stdout | src/__tests__/integration/auth-flow.test.ts > Auth Flow Tests > Email Verification Flow > should reject invalid verification token
query failed: INSERT INTO "customers"("id", "store_id", "email", "email_normalized", "first_name", "last_name", "phone", "status", "email_verified", "email_verified_at", "created_at", "updated_at", "deleted_at") VALUES (DEFAULT, $1, $2, $3, $4, $5, $6, $7, $8, DEFAULT, DEFAULT, DEFAULT, DEFAULT) RETURNING "status", "email_verified", "created_at", "updated_at" -- PARAMETERS: ["92cbeb47-cd85-493b-ab8b-592bf16ccd4d","testuser@example.com","testuser@example.com",null,null,null,"active",false]
error: error: null value in column "id" of relation "customers" violates not-null constraint

stdout | src/__tests__/integration/auth-flow.test.ts > Auth Flow Tests > Email Verification Flow > should prevent email verification twice
query failed: INSERT INTO "customers"("id", "store_id", "email", "email_normalized", "first_name", "last_name", "phone", "status", "email_verified", "email_verified_at", "created_at", "updated_at", "deleted_at") VALUES (DEFAULT, $1, $2, $3, $4, $5, $6, $7, $8, DEFAULT, DEFAULT, DEFAULT, DEFAULT) RETURNING "status", "email_verified", "created_at", "updated_at" -- PARAMETERS: ["d72c84f4-23fe-4796-9739-e3b09a916c99","testuser@example.com","testuser@example.com",null,null,null,"active",false]
error: error: null value in column "id" of relation "customers" violates not-null constraint

stdout | src/__tests__/db/order-numbering.test.ts
✅ Test database closed

stdout | src/__tests__/integration/auth-flow.test.ts > Auth Flow Tests > Password Reset Flow > should send password reset token
query failed: INSERT INTO "customers"("id", "store_id", "email", "email_normalized", "first_name", "last_name", "phone", "status", "email_verified", "email_verified_at", "created_at", "updated_at", "deleted_at") VALUES (DEFAULT, $1, $2, $3, $4, $5, $6, $7, $8, DEFAULT, DEFAULT, DEFAULT, DEFAULT) RETURNING "status", "email_verified", "created_at", "updated_at" -- PARAMETERS: ["df453a82-c4d5-4f8c-be36-e1ce0c9878b4","testuser@example.com","testuser@example.com",null,null,null,"active",false]
error: error: null value in column "id" of relation "customers" violates not-null constraint

stdout | src/__tests__/integration/soft-delete.test.ts
✅ Test database closed

 ❯ src/__tests__/db/order-numbering.test.ts  (18 tests) 193ms
 ❯ src/__tests__/integration/soft-delete.test.ts  (14 tests | 9 failed) 162ms
   ❯ src/__tests__/integration/soft-delete.test.ts > Soft Delete Tests > Customer Soft Delete > should hide deleted customers from normal queries
     → expected CustomerEntity{ …(13) } to be null
   ❯ src/__tests__/integration/soft-delete.test.ts > Soft Delete Tests > Customer Soft Delete > should allow email reuse after soft delete
     → Failed to save CustomerRepository
   ❯ src/__tests__/integration/soft-delete.test.ts > Soft Delete Tests > Customer Soft Delete > should not allow duplicate email when restoring
     → Failed to save CustomerRepository
   ❯ src/__tests__/integration/soft-delete.test.ts > Soft Delete Tests > Address Soft Delete > should soft delete address
     → Failed to soft delete CustomerAddressRepository
   ❯ src/__tests__/integration/soft-delete.test.ts > Soft Delete Tests > Address Soft Delete > should remove from list after soft delete
     → Failed to soft delete CustomerAddressRepository
   ❯ src/__tests__/integration/soft-delete.test.ts > Soft Delete Tests > Address Soft Delete > should restore deleted address
     → Failed to soft delete CustomerAddressRepository
   ❯ src/__tests__/integration/soft-delete.test.ts > Soft Delete Tests > Address Soft Delete > should cascade delete addresses when customer deleted
     → expected [ Array(2) ] to have a length of +0 but got 2
   ❯ src/__tests__/integration/soft-delete.test.ts > Soft Delete Tests > Soft Delete with Unique Constraints > should respect unique constraint with deleted_at IS NULL
     → Failed to save CustomerRepository
   ❯ src/__tests__/integration/soft-delete.test.ts > Soft Delete Tests > Audit Trail Preservation > should preserve deleted customer in audit logs
     → Cannot find module '../../core/repositories/audit-log.repository.js'
Require stack:
- /Users/apple/Projects/faded-chapter-backend/src/__tests__/integration/soft-delete.test.ts
stdout | src/__tests__/integration/auth-flow.test.ts > Auth Flow Tests > Password Reset Flow > should reset password with valid token
query failed: INSERT INTO "customers"("id", "store_id", "email", "email_normalized", "first_name", "last_name", "phone", "status", "email_verified", "email_verified_at", "created_at", "updated_at", "deleted_at") VALUES (DEFAULT, $1, $2, $3, $4, $5, $6, $7, $8, DEFAULT, DEFAULT, DEFAULT, DEFAULT) RETURNING "status", "email_verified", "created_at", "updated_at" -- PARAMETERS: ["c47c30e0-7e57-4628-be6c-e751d5b6ca93","testuser@example.com","testuser@example.com",null,null,null,"active",false]
error: error: null value in column "id" of relation "customers" violates not-null constraint

stdout | src/__tests__/integration/auth-flow.test.ts > Auth Flow Tests > Password Reset Flow > should reject invalid reset token
query failed: INSERT INTO "customers"("id", "store_id", "email", "email_normalized", "first_name", "last_name", "phone", "status", "email_verified", "email_verified_at", "created_at", "updated_at", "deleted_at") VALUES (DEFAULT, $1, $2, $3, $4, $5, $6, $7, $8, DEFAULT, DEFAULT, DEFAULT, DEFAULT) RETURNING "status", "email_verified", "created_at", "updated_at" -- PARAMETERS: ["4c24f9f1-287a-4051-9e8d-135c1ebf4c48","testuser@example.com","testuser@example.com",null,null,null,"active",false]
error: error: null value in column "id" of relation "customers" violates not-null constraint

stdout | src/__tests__/integration/auth-flow.test.ts > Auth Flow Tests > Password Reset Flow > should protect against brute force on reset token
query failed: INSERT INTO "customers"("id", "store_id", "email", "email_normalized", "first_name", "last_name", "phone", "status", "email_verified", "email_verified_at", "created_at", "updated_at", "deleted_at") VALUES (DEFAULT, $1, $2, $3, $4, $5, $6, $7, $8, DEFAULT, DEFAULT, DEFAULT, DEFAULT) RETURNING "status", "email_verified", "created_at", "updated_at" -- PARAMETERS: ["f6c623f6-7017-459a-ba4b-b3448e57699e","testuser@example.com","testuser@example.com",null,null,null,"active",false]
error: error: null value in column "id" of relation "customers" violates not-null constraint

stdout | src/__tests__/integration/auth-flow.test.ts > Auth Flow Tests > Password Change Flow > should change password successfully
query failed: INSERT INTO "customers"("id", "store_id", "email", "email_normalized", "first_name", "last_name", "phone", "status", "email_verified", "email_verified_at", "created_at", "updated_at", "deleted_at") VALUES (DEFAULT, $1, $2, $3, $4, $5, $6, $7, $8, DEFAULT, DEFAULT, DEFAULT, DEFAULT) RETURNING "status", "email_verified", "created_at", "updated_at" -- PARAMETERS: ["a647dc92-3683-44f6-93d2-469038f55952","testuser@example.com","testuser@example.com",null,null,null,"active",false]
error: error: null value in column "id" of relation "customers" violates not-null constraint

stdout | src/__tests__/integration/auth-flow.test.ts > Auth Flow Tests > Password Change Flow > should reject change with wrong current password
query failed: INSERT INTO "customers"("id", "store_id", "email", "email_normalized", "first_name", "last_name", "phone", "status", "email_verified", "email_verified_at", "created_at", "updated_at", "deleted_at") VALUES (DEFAULT, $1, $2, $3, $4, $5, $6, $7, $8, DEFAULT, DEFAULT, DEFAULT, DEFAULT) RETURNING "status", "email_verified", "created_at", "updated_at" -- PARAMETERS: ["e0da6ba0-5b02-4ca4-b462-3addaf29f8da","testuser@example.com","testuser@example.com",null,null,null,"active",false]
error: error: null value in column "id" of relation "customers" violates not-null constraint

stdout | src/__tests__/integration/auth-flow.test.ts > Auth Flow Tests > Password Change Flow > should logout all sessions on password change
query failed: INSERT INTO "customers"("id", "store_id", "email", "email_normalized", "first_name", "last_name", "phone", "status", "email_verified", "email_verified_at", "created_at", "updated_at", "deleted_at") VALUES (DEFAULT, $1, $2, $3, $4, $5, $6, $7, $8, DEFAULT, DEFAULT, DEFAULT, DEFAULT) RETURNING "status", "email_verified", "created_at", "updated_at" -- PARAMETERS: ["75546f50-fc8d-46bd-b039-647e5704d72d","testuser@example.com","testuser@example.com",null,null,null,"active",false]
error: error: null value in column "id" of relation "customers" violates not-null constraint

stdout | src/__tests__/integration/auth-flow.test.ts > Auth Flow Tests > Multi-Device Sessions > should support multiple concurrent sessions
query failed: INSERT INTO "customers"("id", "store_id", "email", "email_normalized", "first_name", "last_name", "phone", "status", "email_verified", "email_verified_at", "created_at", "updated_at", "deleted_at") VALUES (DEFAULT, $1, $2, $3, $4, $5, $6, $7, $8, DEFAULT, DEFAULT, DEFAULT, DEFAULT) RETURNING "status", "email_verified", "created_at", "updated_at" -- PARAMETERS: ["17250397-6649-465e-8f0e-60127ff66d72","testuser@example.com","testuser@example.com",null,null,null,"active",false]
error: error: null value in column "id" of relation "customers" violates not-null constraint

stdout | src/__tests__/integration/auth-flow.test.ts > Auth Flow Tests > Multi-Device Sessions > should track device information
query failed: INSERT INTO "customers"("id", "store_id", "email", "email_normalized", "first_name", "last_name", "phone", "status", "email_verified", "email_verified_at", "created_at", "updated_at", "deleted_at") VALUES (DEFAULT, $1, $2, $3, $4, $5, $6, $7, $8, DEFAULT, DEFAULT, DEFAULT, DEFAULT) RETURNING "status", "email_verified", "created_at", "updated_at" -- PARAMETERS: ["c185478c-fd64-427b-921e-09a97569bf1e","testuser@example.com","testuser@example.com",null,null,null,"active",false]
error: error: null value in column "id" of relation "customers" violates not-null constraint

stdout | src/__tests__/integration/auth-flow.test.ts
✅ Test database closed

 ❯ src/__tests__/integration/auth-flow.test.ts  (25 tests | 24 failed) 180ms
   ❯ src/__tests__/integration/auth-flow.test.ts > Auth Flow Tests > Registration Flow > should register new customer successfully
     → Failed to save CustomerRepository
   ❯ src/__tests__/integration/auth-flow.test.ts > Auth Flow Tests > Registration Flow > should reject duplicate email registration
     → Failed to save CustomerRepository
   ❯ src/__tests__/integration/auth-flow.test.ts > Auth Flow Tests > Registration Flow > should create default preferences on registration
     → Failed to save CustomerRepository
   ❯ src/__tests__/integration/auth-flow.test.ts > Auth Flow Tests > Login Flow > should login successfully with correct credentials
     → Failed to save CustomerRepository
   ❯ src/__tests__/integration/auth-flow.test.ts > Auth Flow Tests > Login Flow > should reject login with incorrect password
     → Failed to save CustomerRepository
   ❯ src/__tests__/integration/auth-flow.test.ts > Auth Flow Tests > Login Flow > should reject login with non-existent email
     → Failed to save CustomerRepository
   ❯ src/__tests__/integration/auth-flow.test.ts > Auth Flow Tests > Login Flow > should track failed login attempts
     → Failed to save CustomerRepository
   ❯ src/__tests__/integration/auth-flow.test.ts > Auth Flow Tests > Login Flow > should create new session on login
     → Failed to save CustomerRepository
   ❯ src/__tests__/integration/auth-flow.test.ts > Auth Flow Tests > Logout Flow > should logout single session
     → Failed to save CustomerRepository
   ❯ src/__tests__/integration/auth-flow.test.ts > Auth Flow Tests > Logout Flow > should logout all sessions
     → Failed to save CustomerRepository
   ❯ src/__tests__/integration/auth-flow.test.ts > Auth Flow Tests > Logout Flow > should invalidate token after logout
     → Failed to save CustomerRepository
   ❯ src/__tests__/integration/auth-flow.test.ts > Auth Flow Tests > Email Verification Flow > should send email verification token
     → Failed to save CustomerRepository
   ❯ src/__tests__/integration/auth-flow.test.ts > Auth Flow Tests > Email Verification Flow > should verify email with valid token
     → Failed to save CustomerRepository
   ❯ src/__tests__/integration/auth-flow.test.ts > Auth Flow Tests > Email Verification Flow > should reject invalid verification token
     → Failed to save CustomerRepository
   ❯ src/__tests__/integration/auth-flow.test.ts > Auth Flow Tests > Email Verification Flow > should prevent email verification twice
     → Failed to save CustomerRepository
   ❯ src/__tests__/integration/auth-flow.test.ts > Auth Flow Tests > Password Reset Flow > should send password reset token
     → Failed to save CustomerRepository
   ❯ src/__tests__/integration/auth-flow.test.ts > Auth Flow Tests > Password Reset Flow > should reset password with valid token
     → Failed to save CustomerRepository
   ❯ src/__tests__/integration/auth-flow.test.ts > Auth Flow Tests > Password Reset Flow > should reject invalid reset token
     → Failed to save CustomerRepository
   ❯ src/__tests__/integration/auth-flow.test.ts > Auth Flow Tests > Password Reset Flow > should protect against brute force on reset token
     → Failed to save CustomerRepository
   ❯ src/__tests__/integration/auth-flow.test.ts > Auth Flow Tests > Password Change Flow > should change password successfully
     → Failed to save CustomerRepository
   ❯ src/__tests__/integration/auth-flow.test.ts > Auth Flow Tests > Password Change Flow > should reject change with wrong current password
     → Failed to save CustomerRepository
   ❯ src/__tests__/integration/auth-flow.test.ts > Auth Flow Tests > Password Change Flow > should logout all sessions on password change
     → Failed to save CustomerRepository
   ❯ src/__tests__/integration/auth-flow.test.ts > Auth Flow Tests > Multi-Device Sessions > should support multiple concurrent sessions
     → Failed to save CustomerRepository
   ❯ src/__tests__/integration/auth-flow.test.ts > Auth Flow Tests > Multi-Device Sessions > should track device information
     → Failed to save CustomerRepository
stdout | src/__tests__/security/phase0-authorization.test.ts
✅ faded_chapter_test connected

stderr | src/__tests__/security/phase0-authorization.test.ts > Phase 0 gate — authentication > rejects a malformed token (401)
[JWT] Verification failed: jwt malformed

stderr | src/__tests__/security/phase0-authorization.test.ts > Phase 0 gate — authentication > rejects the legacy forged plaintext admin token (401)
[JWT] Verification failed: jwt malformed

stderr | src/__tests__/security/phase0-authorization.test.ts > Phase 0 gate — authentication > rejects a token signed with the wrong secret (401)
[JWT] Verification failed: invalid signature

 ✓ src/__tests__/security/phase0-authorization.test.ts  (13 tests) 16ms
stdout | src/__tests__/security/phase0-authorization.test.ts
✅ Migrations completed
✅ Test database initialized
✅ Test database closed

stdout | src/__tests__/integration/store-isolation.test.ts
✅ faded_chapter_test connected

stdout | src/__tests__/integration/store-isolation.test.ts
✅ Migrations completed
✅ Test database initialized

stdout | src/__tests__/integration/store-isolation.test.ts > Store Isolation Tests > Customer Isolation > should allow same email in different stores
query failed: INSERT INTO "customers"("id", "store_id", "email", "email_normalized", "first_name", "last_name", "phone", "status", "email_verified", "email_verified_at", "created_at", "updated_at", "deleted_at") VALUES (DEFAULT, $1, $2, $3, $4, $5, $6, $7, $8, DEFAULT, DEFAULT, DEFAULT, DEFAULT) RETURNING "status", "email_verified", "created_at", "updated_at" -- PARAMETERS: ["e6c281b4-ecc8-4294-bd56-347fe9127123","testuser@example.com","testuser@example.com","Store1",null,null,"active",false]
error: error: null value in column "id" of relation "customers" violates not-null constraint

stdout | src/__tests__/security/phase5-customers.test.ts
✅ faded_chapter_test connected

stdout | src/__tests__/security/phase12-settings.test.ts
✅ faded_chapter_test connected

 ✓ src/__tests__/security/phase5-customers.test.ts  (13 tests) 13ms
stdout | src/__tests__/security/phase12-settings.test.ts
✅ Migrations completed
✅ Test database initialized

stdout | src/__tests__/security/phase5-customers.test.ts
✅ Migrations completed
✅ Test database initialized
✅ Test database closed

stdout | src/__tests__/integration/store-isolation.test.ts > Store Isolation Tests > Customer Isolation > should prevent duplicate email in same store
query failed: INSERT INTO "customers"("id", "store_id", "email", "email_normalized", "first_name", "last_name", "phone", "status", "email_verified", "email_verified_at", "created_at", "updated_at", "deleted_at") VALUES (DEFAULT, $1, $2, $3, $4, $5, $6, $7, $8, DEFAULT, DEFAULT, DEFAULT, DEFAULT) RETURNING "status", "email_verified", "created_at", "updated_at" -- PARAMETERS: ["0a553f65-871c-4764-9189-74f723a244ee","testuser@example.com","testuser@example.com",null,null,null,"active",false]
error: error: null value in column "id" of relation "customers" violates not-null constraint

stdout | src/__tests__/integration/store-isolation.test.ts > Store Isolation Tests > Customer Isolation > should not find customer from different store
query failed: INSERT INTO "customers"("id", "store_id", "email", "email_normalized", "first_name", "last_name", "phone", "status", "email_verified", "email_verified_at", "created_at", "updated_at", "deleted_at") VALUES (DEFAULT, $1, $2, $3, $4, $5, $6, $7, $8, DEFAULT, DEFAULT, DEFAULT, DEFAULT) RETURNING "status", "email_verified", "created_at", "updated_at" -- PARAMETERS: ["976315c3-0b89-43cb-953e-e617f32f73f2","testuser@example.com","testuser@example.com",null,null,null,"active",false]
error: error: null value in column "id" of relation "customers" violates not-null constraint

 ✓ src/__tests__/security/phase12-settings.test.ts  (18 tests) 17ms
stdout | src/__tests__/security/phase12-settings.test.ts
✅ Test database closed

stdout | src/__tests__/integration/store-isolation.test.ts > Store Isolation Tests > Customer Isolation > should filter customers by store
query failed: INSERT INTO "customers"("id", "store_id", "email", "email_normalized", "first_name", "last_name", "phone", "status", "email_verified", "email_verified_at", "created_at", "updated_at", "deleted_at") VALUES (DEFAULT, $1, $2, $3, $4, $5, $6, $7, $8, DEFAULT, DEFAULT, DEFAULT, DEFAULT) RETURNING "status", "email_verified", "created_at", "updated_at" -- PARAMETERS: ["128a8cec-2de1-494b-be38-9bc4ce12e015","testuser@example.com","testuser@example.com",null,null,null,"active",false]
error: error: null value in column "id" of relation "customers" violates not-null constraint

stdout | src/__tests__/integration/store-isolation.test.ts > Store Isolation Tests > Address Isolation > should isolate addresses by store
query failed: INSERT INTO "customers"("id", "store_id", "email", "email_normalized", "first_name", "last_name", "phone", "status", "email_verified", "email_verified_at", "created_at", "updated_at", "deleted_at") VALUES (DEFAULT, $1, $2, $3, $4, $5, $6, $7, $8, DEFAULT, DEFAULT, DEFAULT, DEFAULT) RETURNING "status", "email_verified", "created_at", "updated_at" -- PARAMETERS: ["7e042071-128d-4d59-b391-90dc8b6f80a8","testuser@example.com","testuser@example.com",null,null,null,"active",false]
error: error: null value in column "id" of relation "customers" violates not-null constraint

stdout | src/__tests__/integration/store-isolation.test.ts > Store Isolation Tests > Address Isolation > should prevent cross-store address retrieval
query failed: INSERT INTO "customers"("id", "store_id", "email", "email_normalized", "first_name", "last_name", "phone", "status", "email_verified", "email_verified_at", "created_at", "updated_at", "deleted_at") VALUES (DEFAULT, $1, $2, $3, $4, $5, $6, $7, $8, DEFAULT, DEFAULT, DEFAULT, DEFAULT) RETURNING "status", "email_verified", "created_at", "updated_at" -- PARAMETERS: ["3c869b94-e944-42d7-9791-0701d571b7ae","testuser@example.com","testuser@example.com",null,null,null,"active",false]
error: error: null value in column "id" of relation "customers" violates not-null constraint

stdout | src/__tests__/security/phase6-payments.test.ts
✅ faded_chapter_test connected

 ✓ src/__tests__/security/phase6-payments.test.ts  (11 tests) 13ms
stdout | src/__tests__/security/phase6-payments.test.ts
✅ Migrations completed
✅ Test database initialized
✅ Test database closed

stdout | src/__tests__/integration/store-isolation.test.ts > Store Isolation Tests > Address Isolation > should enforce composite FK constraint
query failed: INSERT INTO "customers"("id", "store_id", "email", "email_normalized", "first_name", "last_name", "phone", "status", "email_verified", "email_verified_at", "created_at", "updated_at", "deleted_at") VALUES (DEFAULT, $1, $2, $3, $4, $5, $6, $7, $8, DEFAULT, DEFAULT, DEFAULT, DEFAULT) RETURNING "status", "email_verified", "created_at", "updated_at" -- PARAMETERS: ["22885b37-a9a0-4a2b-9d72-85f480bf9a14","testuser@example.com","testuser@example.com",null,null,null,"active",false]
error: error: null value in column "id" of relation "customers" violates not-null constraint

stdout | src/__tests__/security/phase9-shipping.test.ts
✅ faded_chapter_test connected

stdout | src/__tests__/security/phase9-shipping.test.ts
✅ Migrations completed
✅ Test database initialized
✅ Test database closed

 ✓ src/__tests__/security/phase9-shipping.test.ts  (15 tests) 13ms
stdout | src/__tests__/security/phase13-storefront-catalog.test.ts
✅ faded_chapter_test connected

 ✓ src/__tests__/security/phase13-storefront-catalog.test.ts  (13 tests) 11ms
stdout | src/__tests__/security/phase13-storefront-catalog.test.ts
✅ Migrations completed
✅ Test database initialized
✅ Test database closed

stdout | src/__tests__/integration/store-isolation.test.ts > Store Isolation Tests > Cross-Store Attack Prevention > should prevent soft delete escape
query failed: INSERT INTO "customers"("id", "store_id", "email", "email_normalized", "first_name", "last_name", "phone", "status", "email_verified", "email_verified_at", "created_at", "updated_at", "deleted_at") VALUES (DEFAULT, $1, $2, $3, $4, $5, $6, $7, $8, DEFAULT, DEFAULT, DEFAULT, DEFAULT) RETURNING "status", "email_verified", "created_at", "updated_at" -- PARAMETERS: ["06655ba5-f17e-4e19-aca5-b0eef16dad8a","user@example.com","user@example.com",null,null,null,"active",false]
error: error: null value in column "id" of relation "customers" violates not-null constraint

stdout | src/__tests__/integration/store-isolation.test.ts > Store Isolation Tests > Cross-Store Attack Prevention > should prevent soft delete escape
query failed: INSERT INTO "customers"("id", "store_id", "email", "email_normalized", "first_name", "last_name", "phone", "status", "email_verified", "email_verified_at", "created_at", "updated_at", "deleted_at") VALUES (DEFAULT, $1, $2, $3, $4, $5, $6, $7, $8, DEFAULT, DEFAULT, DEFAULT, DEFAULT) RETURNING "status", "email_verified", "created_at", "updated_at" -- PARAMETERS: ["4916b0af-c845-44c9-94b0-c020139cf8d9","user@example.com","user@example.com",null,null,null,"active",false]
error: error: null value in column "id" of relation "customers" violates not-null constraint

stdout | src/__tests__/security/phase8-discounts.test.ts
✅ faded_chapter_test connected

stdout | src/__tests__/integration/store-isolation.test.ts
✅ Test database closed

stdout | src/__tests__/security/phase8-discounts.test.ts
✅ Migrations completed
✅ Test database initialized
✅ Test database closed

 ✓ src/__tests__/security/phase8-discounts.test.ts  (16 tests) 9ms
 ❯ src/__tests__/integration/store-isolation.test.ts  (15 tests | 10 failed) 94ms
   ❯ src/__tests__/integration/store-isolation.test.ts > Store Isolation Tests > Customer Isolation > should allow same email in different stores
     → Failed to save CustomerRepository
   ❯ src/__tests__/integration/store-isolation.test.ts > Store Isolation Tests > Customer Isolation > should prevent duplicate email in same store
     → Failed to save CustomerRepository
   ❯ src/__tests__/integration/store-isolation.test.ts > Store Isolation Tests > Customer Isolation > should not find customer from different store
     → Failed to save CustomerRepository
   ❯ src/__tests__/integration/store-isolation.test.ts > Store Isolation Tests > Customer Isolation > should filter customers by store
     → Failed to save CustomerRepository
   ❯ src/__tests__/integration/store-isolation.test.ts > Store Isolation Tests > Address Isolation > should isolate addresses by store
     → Failed to save CustomerRepository
   ❯ src/__tests__/integration/store-isolation.test.ts > Store Isolation Tests > Address Isolation > should prevent cross-store address retrieval
     → Failed to save CustomerRepository
   ❯ src/__tests__/integration/store-isolation.test.ts > Store Isolation Tests > Address Isolation > should enforce composite FK constraint
     → Failed to save CustomerRepository
   ❯ src/__tests__/integration/store-isolation.test.ts > Store Isolation Tests > Session Isolation > should isolate sessions by store
     → Cannot find module '../../core/repositories/session.repository.js'
Require stack:
- /Users/apple/Projects/faded-chapter-backend/src/__tests__/integration/store-isolation.test.ts
   ❯ src/__tests__/integration/store-isolation.test.ts > Store Isolation Tests > Cross-Store Attack Prevention > should prevent soft delete escape
     → Failed to save CustomerRepository
   ❯ src/__tests__/integration/store-isolation.test.ts > Store Isolation Tests > Audit Log Isolation > should scope audit logs to store
     → Cannot find module '../../core/repositories/audit-log.repository.js'
Require stack:
- /Users/apple/Projects/faded-chapter-backend/src/__tests__/integration/store-isolation.test.ts
stdout | src/__tests__/security/phase7-analytics.test.ts
✅ faded_chapter_test connected

 ✓ src/__tests__/security/phase7-analytics.test.ts  (13 tests) 13ms
stdout | src/__tests__/security/phase11-staff.test.ts
✅ faded_chapter_test connected

stdout | src/__tests__/security/phase7-analytics.test.ts
✅ Migrations completed
✅ Test database initialized
✅ Test database closed

stdout | src/__tests__/security/phase11-staff.test.ts
✅ Migrations completed
✅ Test database initialized
✅ Test database closed

 ✓ src/__tests__/security/phase11-staff.test.ts  (12 tests) 15ms
stdout | src/__tests__/security/phase4-inventory.test.ts
✅ faded_chapter_test connected

 ✓ src/__tests__/security/phase4-inventory.test.ts  (11 tests) 18ms
stdout | src/__tests__/security/phase4-inventory.test.ts
✅ Migrations completed
✅ Test database initialized
✅ Test database closed

stdout | src/__tests__/security/phase10-notifications.test.ts
✅ faded_chapter_test connected

stdout | src/__tests__/e2e/dashboard.e2e.test.ts
✅ faded_chapter_test connected

 ✓ src/__tests__/security/phase10-notifications.test.ts  (11 tests) 12ms
stdout | src/__tests__/security/phase10-notifications.test.ts
✅ Migrations completed
✅ Test database initialized
✅ Test database closed

stdout | src/__tests__/e2e/dashboard.e2e.test.ts
✅ Migrations completed
✅ Test database initialized

stdout | src/__tests__/security/phase3-products.test.ts
✅ faded_chapter_test connected

stdout | src/__tests__/security/phase2-orders.test.ts
✅ faded_chapter_test connected

 ✓ src/__tests__/security/phase3-products.test.ts  (9 tests) 12ms
stdout | src/__tests__/security/phase3-products.test.ts
✅ Migrations completed
✅ Test database initialized
✅ Test database closed

 ✓ src/__tests__/security/phase2-orders.test.ts  (11 tests) 10ms
stdout | src/__tests__/security/phase2-orders.test.ts
✅ Migrations completed
✅ Test database initialized
✅ Test database closed

stdout | src/__tests__/security/phase0-dto.test.ts
✅ faded_chapter_test connected

 ✓ src/__tests__/security/phase0-dto.test.ts  (8 tests) 12ms
stdout | src/__tests__/security/phase0-dto.test.ts
✅ Migrations completed
✅ Test database initialized
✅ Test database closed

 ❯ src/__tests__/e2e/dashboard.e2e.test.ts  (9 tests | 9 failed) 63ms
   ❯ src/__tests__/e2e/dashboard.e2e.test.ts > Phase 10a - Admin Dashboard E2E Tests > ✅ Endpoint 1: GET /dashboard/metrics > should return KPI metrics with proper numeric formatting
     → expected 404 to be 200 // Object.is equality
   ❯ src/__tests__/e2e/dashboard.e2e.test.ts > Phase 10a - Admin Dashboard E2E Tests > ✅ Endpoint 2: GET /dashboard/pending-refunds > should return paginated list of pending refunds
     → expected 404 to be 200 // Object.is equality
   ❯ src/__tests__/e2e/dashboard.e2e.test.ts > Phase 10a - Admin Dashboard E2E Tests > ✅ Endpoint 3: GET /dashboard/admin-actions > should return admin actions with pagination
     → expected 404 to be 200 // Object.is equality
   ❯ src/__tests__/e2e/dashboard.e2e.test.ts > Phase 10a - Admin Dashboard E2E Tests > ✅ Endpoint 4: GET /dashboard/charts/revenue > should return revenue chart data with proper numeric formatting
     → expected 404 to be 200 // Object.is equality
   ❯ src/__tests__/e2e/dashboard.e2e.test.ts > Phase 10a - Admin Dashboard E2E Tests > ✅ Endpoint 5: GET /dashboard/charts/refunds > should return refund chart data
     → expected 404 to be 200 // Object.is equality
   ❯ src/__tests__/e2e/dashboard.e2e.test.ts > Phase 10a - Admin Dashboard E2E Tests > ✅ Endpoint 6: GET /dashboard/refund-statistics > should return refund statistics by status
     → expected 404 to be 200 // Object.is equality
   ❯ src/__tests__/e2e/dashboard.e2e.test.ts > Phase 10a - Admin Dashboard E2E Tests > 🔒 Security Tests > should enforce store isolation
     → expected 404 to be 200 // Object.is equality
   ❯ src/__tests__/e2e/dashboard.e2e.test.ts > Phase 10a - Admin Dashboard E2E Tests > 📊 Data Integrity Tests > should have consistent metrics across endpoints
     → Cannot read properties of undefined (reading 'refunds')
   ❯ src/__tests__/e2e/dashboard.e2e.test.ts > Phase 10a - Admin Dashboard E2E Tests > ⚡ Performance Tests > all endpoints should respond within 1 second
     → expected 404 to be 200 // Object.is equality
stdout | src/__tests__/e2e/dashboard.e2e.test.ts
✅ Test database closed

stdout | src/__tests__/integration/security.test.ts > Security Tests > Account Lockout > should lock account after 5 failed attempts
query failed: INSERT INTO "customers"("id", "store_id", "email", "email_normalized", "first_name", "last_name", "phone", "status", "email_verified", "email_verified_at", "created_at", "updated_at", "deleted_at") VALUES (DEFAULT, $1, $2, $3, $4, $5, $6, $7, $8, DEFAULT, DEFAULT, DEFAULT, DEFAULT) RETURNING "status", "email_verified", "created_at", "updated_at" -- PARAMETERS: ["69d2ccbf-56e1-436e-83d7-c4c0c551b884","testuser@example.com","testuser@example.com",null,null,null,"active",false]
error: error: null value in column "id" of relation "customers" violates not-null constraint

stdout | src/__tests__/integration/security.test.ts > Security Tests > Verification Token Security > should hash verification tokens
query failed: INSERT INTO "customers"("id", "store_id", "email", "email_normalized", "first_name", "last_name", "phone", "status", "email_verified", "email_verified_at", "created_at", "updated_at", "deleted_at") VALUES (DEFAULT, $1, $2, $3, $4, $5, $6, $7, $8, DEFAULT, DEFAULT, DEFAULT, DEFAULT) RETURNING "status", "email_verified", "created_at", "updated_at" -- PARAMETERS: ["f3aaf042-2073-49b0-b433-5d77614fc25b","testuser@example.com","testuser@example.com",null,null,null,"active",false]
error: error: null value in column "id" of relation "customers" violates not-null constraint

stdout | src/__tests__/integration/security.test.ts > Security Tests > Verification Token Security > should enforce one-time use of verification tokens
query failed: INSERT INTO "customers"("id", "store_id", "email", "email_normalized", "first_name", "last_name", "phone", "status", "email_verified", "email_verified_at", "created_at", "updated_at", "deleted_at") VALUES (DEFAULT, $1, $2, $3, $4, $5, $6, $7, $8, DEFAULT, DEFAULT, DEFAULT, DEFAULT) RETURNING "status", "email_verified", "created_at", "updated_at" -- PARAMETERS: ["51b8bb3c-cbbc-48a8-9e4e-a3aab106065c","testuser@example.com","testuser@example.com",null,null,null,"active",false]
error: error: null value in column "id" of relation "customers" violates not-null constraint

stdout | src/__tests__/integration/security.test.ts > Security Tests > Immutability Enforcement > should prevent audit log updates
query failed: INSERT INTO "audit_logs"("id", "store_id", "table_name", "record_id", "actor_id", "actor_type", "action", "changes", "ip_address", "user_agent", "created_at") VALUES (DEFAULT, $1, $2, $3, $4, $5, $6, $7, $8, $9, $10) RETURNING "created_at" -- PARAMETERS: ["09a5cc42-6f69-4cd1-9dec-dc5876ec9b27","customers","test-id","4082fb28-a3c3-45a2-8f42-5395e26db394","customer","insert","{}",null,null,"2026-09-23T09:32:33.832Z"]
error: error: invalid input syntax for type uuid: "test-id"

stdout | src/__tests__/integration/security.test.ts > Security Tests > Immutability Enforcement > should prevent audit log deletion
query failed: INSERT INTO "audit_logs"("id", "store_id", "table_name", "record_id", "actor_id", "actor_type", "action", "changes", "ip_address", "user_agent", "created_at") VALUES (DEFAULT, $1, $2, $3, $4, $5, $6, $7, $8, $9, $10) RETURNING "created_at" -- PARAMETERS: ["c58b8c54-5ade-4973-a158-bebf4990206a","customers","test-id","208eb740-08bd-463e-97ba-c7e01aacec95","customer","insert","{}",null,null,"2026-09-23T09:32:33.834Z"]
error: error: invalid input syntax for type uuid: "test-id"

stdout | src/__tests__/integration/security.test.ts > Security Tests > Immutability Enforcement > should prevent consent record updates
query failed: INSERT INTO "customer_consents"("id", "store_id", "customer_id", "consent_type", "granted", "policy_version", "policy_url", "source", "ip_address", "user_agent", "created_at") VALUES (DEFAULT, $1, $2, $3, $4, $5, $6, $7, $8, $9, $10) RETURNING "created_at" -- PARAMETERS: ["6850c97b-7353-4afa-96b7-af4b94497684","b2dbab01-30c3-4d45-bdcf-f8acf948182d","marketing",true,"1.0","https://example.com/privacy","signup",null,null,"2026-09-23T09:32:33.836Z"]
error: error: relation "customer_consents" does not exist

stdout | src/__tests__/integration/security.test.ts > Security Tests > Immutability Enforcement > should prevent consent record deletion
query failed: INSERT INTO "customer_consents"("id", "store_id", "customer_id", "consent_type", "granted", "policy_version", "policy_url", "source", "ip_address", "user_agent", "created_at") VALUES (DEFAULT, $1, $2, $3, $4, $5, $6, $7, $8, $9, $10) RETURNING "created_at" -- PARAMETERS: ["2b4f3800-a0e2-42ad-b5cd-8d8a828c0321","4f25f2a3-f994-4b89-b7b8-5d350b28b0bc","marketing",true,"1.0","https://example.com/privacy","signup",null,null,"2026-09-23T09:32:33.838Z"]
error: error: relation "customer_consents" does not exist

stdout | src/__tests__/integration/security.test.ts > Security Tests > Immutability Enforcement > should still allow appending to consent records
query failed: INSERT INTO "customer_consents"("id", "store_id", "customer_id", "consent_type", "granted", "policy_version", "policy_url", "source", "ip_address", "user_agent", "created_at") VALUES (DEFAULT, $1, $2, $3, $4, $5, $6, $7, $8, $9, $10) RETURNING "created_at" -- PARAMETERS: ["c0e77029-fc6a-4499-afa4-1856eeceaefb","e9817fb0-81c5-4be6-92af-ed94301de009","marketing",true,"1.0","https://example.com/privacy","signup",null,null,"2026-09-23T09:32:33.839Z"]
error: error: relation "customer_consents" does not exist

 ❯ src/__tests__/integration/security.test.ts  (19 tests | 14 failed) 416ms
   ❯ src/__tests__/integration/security.test.ts > Security Tests > Token Security > should hash session tokens
     → Failed to save CustomerRepository
   ❯ src/__tests__/integration/security.test.ts > Security Tests > Token Security > should not store raw tokens in database
     → Failed to save CustomerRepository
   ❯ src/__tests__/integration/security.test.ts > Security Tests > Token Security > should verify tokens via hash comparison
     → Failed to save CustomerRepository
   ❯ src/__tests__/integration/security.test.ts > Security Tests > Password Security > should hash passwords with bcrypt
     → Failed to save CustomerRepository
   ❯ src/__tests__/integration/security.test.ts > Security Tests > Password Security > should verify passwords securely
     → Failed to save CustomerRepository
   ❯ src/__tests__/integration/security.test.ts > Security Tests > Password Security > should use bcrypt with cost factor 10
     → Failed to save CustomerRepository
   ❯ src/__tests__/integration/security.test.ts > Security Tests > Account Lockout > should lock account after 5 failed attempts
     → Failed to save CustomerRepository
   ❯ src/__tests__/integration/security.test.ts > Security Tests > Verification Token Security > should hash verification tokens
     → Failed to save CustomerRepository
   ❯ src/__tests__/integration/security.test.ts > Security Tests > Verification Token Security > should enforce one-time use of verification tokens
     → Failed to save CustomerRepository
   ❯ src/__tests__/integration/security.test.ts > Security Tests > Immutability Enforcement > should prevent audit log updates
     → Failed to save AuditLogRepository
   ❯ src/__tests__/integration/security.test.ts > Security Tests > Immutability Enforcement > should prevent audit log deletion
     → Failed to save AuditLogRepository
   ❯ src/__tests__/integration/security.test.ts > Security Tests > Immutability Enforcement > should prevent consent record updates
     → Failed to save CustomerConsentRepository
   ❯ src/__tests__/integration/security.test.ts > Security Tests > Immutability Enforcement > should prevent consent record deletion
     → Failed to save CustomerConsentRepository
   ❯ src/__tests__/integration/security.test.ts > Security Tests > Immutability Enforcement > should still allow appending to consent records
     → Failed to save CustomerConsentRepository
stdout | src/__tests__/integration/security.test.ts
✅ Test database closed


⎯⎯⎯⎯⎯⎯ Failed Suites 3 ⎯⎯⎯⎯⎯⎯⎯

 FAIL  src/__tests__/payment.integration.test.ts [ src/__tests__/payment.integration.test.ts ]
Error: Failed to load url ../entities/payment.entity.js (resolved id: ../entities/payment.entity.js) in /Users/apple/Projects/faded-chapter-backend/src/__tests__/payment.integration.test.ts. Does the file exist?
 ❯ loadAndTransform node_modules/.pnpm/vite@5.4.21_@types+node@20.19.43/node_modules/vite/dist/node/chunks/dep-BK3b2jBa.js:51969:17

⎯⎯⎯⎯⎯⎯⎯⎯⎯⎯⎯⎯⎯⎯⎯⎯⎯⎯⎯⎯⎯⎯⎯[1/69]⎯

 FAIL  src/__tests__/webhook.integration.test.ts [ src/__tests__/webhook.integration.test.ts ]
Error: Failed to load url ../controllers/webhook.controller.js (resolved id: ../controllers/webhook.controller.js) in /Users/apple/Projects/faded-chapter-backend/src/__tests__/webhook.integration.test.ts. Does the file exist?
 ❯ loadAndTransform node_modules/.pnpm/vite@5.4.21_@types+node@20.19.43/node_modules/vite/dist/node/chunks/dep-BK3b2jBa.js:51969:17

⎯⎯⎯⎯⎯⎯⎯⎯⎯⎯⎯⎯⎯⎯⎯⎯⎯⎯⎯⎯⎯⎯⎯[2/69]⎯

 FAIL  src/__tests__/db/order-numbering.test.ts [ src/__tests__/db/order-numbering.test.ts ]
Error: Cannot use a pool after calling end on the pool
 ❯ BoundPool.connect node_modules/.pnpm/pg-pool@3.14.0_pg@8.23.0/node_modules/pg-pool/index.js:192:19
 ❯ node_modules/.pnpm/typeorm@1.1.1_better-sqlite3@12.11.1_pg@8.23.0_supports-color@7.2.0/src/driver/postgres/PostgresDriver.ts:1410:25
 ❯ PostgresDriver.obtainMasterConnection node_modules/.pnpm/typeorm@1.1.1_better-sqlite3@12.11.1_pg@8.23.0_supports-color@7.2.0/src/driver/postgres/PostgresDriver.ts:1409:16
 ❯ PostgresQueryRunner.connect node_modules/.pnpm/typeorm@1.1.1_better-sqlite3@12.11.1_pg@8.23.0_supports-color@7.2.0/src/driver/postgres/PostgresQueryRunner.ts:114:18
 ❯ PostgresQueryRunner.query node_modules/.pnpm/typeorm@1.1.1_better-sqlite3@12.11.1_pg@8.23.0_supports-color@7.2.0/src/driver/postgres/PostgresQueryRunner.ts:265:47
 ❯ DataSource.query node_modules/.pnpm/typeorm@1.1.1_better-sqlite3@12.11.1_pg@8.23.0_supports-color@7.2.0/src/data-source/DataSource.ts:520:42
 ❯ clearStore src/__tests__/db/order-numbering.test.ts:74:25
     72| 
     73| async function clearStore(): Promise<void> {
     74|   await getDataSource().query(`DELETE FROM orders WHERE store_id = $1`…
       |                         ^
     75|   await getDataSource().query(`DELETE FROM order_number_counters WHERE…
     76| }
 ❯ src/__tests__/db/order-numbering.test.ts:89:9

⎯⎯⎯⎯⎯⎯⎯⎯⎯⎯⎯⎯⎯⎯⎯⎯⎯⎯⎯⎯⎯⎯⎯[3/69]⎯

⎯⎯⎯⎯⎯⎯ Failed Tests 66 ⎯⎯⎯⎯⎯⎯⎯

 FAIL  src/__tests__/e2e/dashboard.e2e.test.ts > Phase 10a - Admin Dashboard E2E Tests > ✅ Endpoint 1: GET /dashboard/metrics > should return KPI metrics with proper numeric formatting
AssertionError: expected 404 to be 200 // Object.is equality

- Expected
+ Received

- 200
+ 404

 ❯ src/__tests__/e2e/dashboard.e2e.test.ts:24:31
     22|       const response = await api.get(`/stores/${STORE_ID}/dashboard/me…
     23| 
     24|       expect(response.status).toBe(200);
       |                               ^
     25|       expect(response.data.success).toBe(true);
     26|       expect(response.data.data).toBeDefined();

⎯⎯⎯⎯⎯⎯⎯⎯⎯⎯⎯⎯⎯⎯⎯⎯⎯⎯⎯⎯⎯⎯⎯[4/69]⎯

 FAIL  src/__tests__/e2e/dashboard.e2e.test.ts > Phase 10a - Admin Dashboard E2E Tests > ✅ Endpoint 2: GET /dashboard/pending-refunds > should return paginated list of pending refunds
AssertionError: expected 404 to be 200 // Object.is equality

- Expected
+ Received

- 200
+ 404

 ❯ src/__tests__/e2e/dashboard.e2e.test.ts:46:31
     44|       });
     45| 
     46|       expect(response.status).toBe(200);
       |                               ^
     47|       expect(response.data.success).toBe(true);
     48|       expect(Array.isArray(response.data.data.refunds)).toBe(true);

⎯⎯⎯⎯⎯⎯⎯⎯⎯⎯⎯⎯⎯⎯⎯⎯⎯⎯⎯⎯⎯⎯⎯[5/69]⎯

 FAIL  src/__tests__/e2e/dashboard.e2e.test.ts > Phase 10a - Admin Dashboard E2E Tests > ✅ Endpoint 3: GET /dashboard/admin-actions > should return admin actions with pagination
AssertionError: expected 404 to be 200 // Object.is equality

- Expected
+ Received

- 200
+ 404

 ❯ src/__tests__/e2e/dashboard.e2e.test.ts:60:31
     58|       });
     59| 
     60|       expect(response.status).toBe(200);
       |                               ^
     61|       expect(response.data.success).toBe(true);
     62|       expect(Array.isArray(response.data.data.actions)).toBe(true);

⎯⎯⎯⎯⎯⎯⎯⎯⎯⎯⎯⎯⎯⎯⎯⎯⎯⎯⎯⎯⎯⎯⎯[6/69]⎯

 FAIL  src/__tests__/e2e/dashboard.e2e.test.ts > Phase 10a - Admin Dashboard E2E Tests > ✅ Endpoint 4: GET /dashboard/charts/revenue > should return revenue chart data with proper numeric formatting
AssertionError: expected 404 to be 200 // Object.is equality

- Expected
+ Received

- 200
+ 404

 ❯ src/__tests__/e2e/dashboard.e2e.test.ts:71:31
     69|       const response = await api.get(`/stores/${STORE_ID}/dashboard/ch…
     70| 
     71|       expect(response.status).toBe(200);
       |                               ^
     72|       expect(response.data.success).toBe(true);
     73|       expect(Array.isArray(response.data.data.data)).toBe(true);

⎯⎯⎯⎯⎯⎯⎯⎯⎯⎯⎯⎯⎯⎯⎯⎯⎯⎯⎯⎯⎯⎯⎯[7/69]⎯

 FAIL  src/__tests__/e2e/dashboard.e2e.test.ts > Phase 10a - Admin Dashboard E2E Tests > ✅ Endpoint 5: GET /dashboard/charts/refunds > should return refund chart data
AssertionError: expected 404 to be 200 // Object.is equality

- Expected
+ Received

- 200
+ 404

 ❯ src/__tests__/e2e/dashboard.e2e.test.ts:87:31
     85|       const response = await api.get(`/stores/${STORE_ID}/dashboard/ch…
     86| 
     87|       expect(response.status).toBe(200);
       |                               ^
     88|       expect(response.data.success).toBe(true);
     89|       expect(Array.isArray(response.data.data.data)).toBe(true);

⎯⎯⎯⎯⎯⎯⎯⎯⎯⎯⎯⎯⎯⎯⎯⎯⎯⎯⎯⎯⎯⎯⎯[8/69]⎯

 FAIL  src/__tests__/e2e/dashboard.e2e.test.ts > Phase 10a - Admin Dashboard E2E Tests > ✅ Endpoint 6: GET /dashboard/refund-statistics > should return refund statistics by status
AssertionError: expected 404 to be 200 // Object.is equality

- Expected
+ Received

- 200
+ 404

 ❯ src/__tests__/e2e/dashboard.e2e.test.ts:97:31
     95|       const response = await api.get(`/stores/${STORE_ID}/dashboard/re…
     96| 
     97|       expect(response.status).toBe(200);
       |                               ^
     98|       expect(response.data.success).toBe(true);
     99| 

⎯⎯⎯⎯⎯⎯⎯⎯⎯⎯⎯⎯⎯⎯⎯⎯⎯⎯⎯⎯⎯⎯⎯[9/69]⎯

 FAIL  src/__tests__/e2e/dashboard.e2e.test.ts > Phase 10a - Admin Dashboard E2E Tests > 🔒 Security Tests > should enforce store isolation
AssertionError: expected 404 to be 200 // Object.is equality

- Expected
+ Received

- 200
+ 404

 ❯ src/__tests__/e2e/dashboard.e2e.test.ts:110:31
    108|     it('should enforce store isolation', async () => {
    109|       const response = await api.get(`/stores/${STORE_ID}/dashboard/me…
    110|       expect(response.status).toBe(200);
       |                               ^
    111|       expect(response.data.data).toBeDefined();
    112|     });

⎯⎯⎯⎯⎯⎯⎯⎯⎯⎯⎯⎯⎯⎯⎯⎯⎯⎯⎯⎯⎯⎯[10/69]⎯

 FAIL  src/__tests__/e2e/dashboard.e2e.test.ts > Phase 10a - Admin Dashboard E2E Tests > 📊 Data Integrity Tests > should have consistent metrics across endpoints
TypeError: Cannot read properties of undefined (reading 'refunds')
 ❯ src/__tests__/e2e/dashboard.e2e.test.ts:123:22
    121|       const stats = statsRes.data.data;
    122| 
    123|       expect(metrics.refunds.pending_count).toBe(stats.pending_approva…
       |                      ^
    124|       expect(metrics.refunds.approved_count).toBe(stats.approved);
    125|     });

⎯⎯⎯⎯⎯⎯⎯⎯⎯⎯⎯⎯⎯⎯⎯⎯⎯⎯⎯⎯⎯⎯[11/69]⎯

 FAIL  src/__tests__/e2e/dashboard.e2e.test.ts > Phase 10a - Admin Dashboard E2E Tests > ⚡ Performance Tests > all endpoints should respond within 1 second
AssertionError: expected 404 to be 200 // Object.is equality

- Expected
+ Received

- 200
+ 404

 ❯ src/__tests__/e2e/dashboard.e2e.test.ts:142:33
    140|         const duration = Date.now() - startTime;
    141| 
    142|         expect(response.status).toBe(200);
       |                                 ^
    143|         expect(duration).toBeLessThan(1000);
    144|       }

⎯⎯⎯⎯⎯⎯⎯⎯⎯⎯⎯⎯⎯⎯⎯⎯⎯⎯⎯⎯⎯⎯[12/69]⎯

 FAIL  src/__tests__/integration/auth-flow.test.ts > Auth Flow Tests > Registration Flow > should register new customer successfully
Error: Failed to save CustomerRepository
 ❯ CustomerRepository.save src/core/repository/base-repository.ts:98:13
     96|         throw new Error(`Duplicate entry: ${dbError.message}`);
     97|       }
     98|       throw new DatabaseError(`Failed to save ${this.constructor.name}…
       |             ^
     99|     }
    100|   }
 ❯ AuthService.register src/core/services/auth.service.ts:65:22
 ❯ src/__tests__/integration/auth-flow.test.ts:31:22

⎯⎯⎯⎯⎯⎯⎯⎯⎯⎯⎯⎯⎯⎯⎯⎯⎯⎯⎯⎯⎯⎯⎯⎯⎯⎯⎯⎯⎯⎯
Serialized Error: { code: 'DATABASE_ERROR', statusCode: 500, details: { originalError: 'null value in column "id" of relation "customers" violates not-null constraint' }, toResponse: 'Function<toResponse>' }
⎯⎯⎯⎯⎯⎯⎯⎯⎯⎯⎯⎯⎯⎯⎯⎯⎯⎯⎯⎯⎯⎯[13/69]⎯

 FAIL  src/__tests__/integration/auth-flow.test.ts > Auth Flow Tests > Registration Flow > should reject duplicate email registration
Error: Failed to save CustomerRepository
 ❯ CustomerRepository.save src/core/repository/base-repository.ts:98:13
     96|         throw new Error(`Duplicate entry: ${dbError.message}`);
     97|       }
     98|       throw new DatabaseError(`Failed to save ${this.constructor.name}…
       |             ^
     99|     }
    100|   }
 ❯ AuthService.register src/core/services/auth.service.ts:65:22
 ❯ src/__tests__/integration/auth-flow.test.ts:47:7

⎯⎯⎯⎯⎯⎯⎯⎯⎯⎯⎯⎯⎯⎯⎯⎯⎯⎯⎯⎯⎯⎯⎯⎯⎯⎯⎯⎯⎯⎯
Serialized Error: { code: 'DATABASE_ERROR', statusCode: 500, details: { originalError: 'null value in column "id" of relation "customers" violates not-null constraint' }, toResponse: 'Function<toResponse>' }
⎯⎯⎯⎯⎯⎯⎯⎯⎯⎯⎯⎯⎯⎯⎯⎯⎯⎯⎯⎯⎯⎯[14/69]⎯

 FAIL  src/__tests__/integration/auth-flow.test.ts > Auth Flow Tests > Registration Flow > should create default preferences on registration
Error: Failed to save CustomerRepository
 ❯ CustomerRepository.save src/core/repository/base-repository.ts:98:13
     96|         throw new Error(`Duplicate entry: ${dbError.message}`);
     97|       }
     98|       throw new DatabaseError(`Failed to save ${this.constructor.name}…
       |             ^
     99|     }
    100|   }
 ❯ AuthService.register src/core/services/auth.service.ts:65:22
 ❯ src/__tests__/integration/auth-flow.test.ts:73:22

⎯⎯⎯⎯⎯⎯⎯⎯⎯⎯⎯⎯⎯⎯⎯⎯⎯⎯⎯⎯⎯⎯⎯⎯⎯⎯⎯⎯⎯⎯
Serialized Error: { code: 'DATABASE_ERROR', statusCode: 500, details: { originalError: 'null value in column "id" of relation "customers" violates not-null constraint' }, toResponse: 'Function<toResponse>' }
⎯⎯⎯⎯⎯⎯⎯⎯⎯⎯⎯⎯⎯⎯⎯⎯⎯⎯⎯⎯⎯⎯[15/69]⎯

 FAIL  src/__tests__/integration/auth-flow.test.ts > Auth Flow Tests > Login Flow > should login successfully with correct credentials
 FAIL  src/__tests__/integration/auth-flow.test.ts > Auth Flow Tests > Login Flow > should reject login with incorrect password
 FAIL  src/__tests__/integration/auth-flow.test.ts > Auth Flow Tests > Login Flow > should reject login with non-existent email
 FAIL  src/__tests__/integration/auth-flow.test.ts > Auth Flow Tests > Login Flow > should track failed login attempts
 FAIL  src/__tests__/integration/auth-flow.test.ts > Auth Flow Tests > Login Flow > should create new session on login
Error: Failed to save CustomerRepository
 ❯ CustomerRepository.save src/core/repository/base-repository.ts:98:13
     96|         throw new Error(`Duplicate entry: ${dbError.message}`);
     97|       }
     98|       throw new DatabaseError(`Failed to save ${this.constructor.name}…
       |             ^
     99|     }
    100|   }
 ❯ AuthService.register src/core/services/auth.service.ts:65:22
 ❯ src/__tests__/integration/auth-flow.test.ts:86:7

⎯⎯⎯⎯⎯⎯⎯⎯⎯⎯⎯⎯⎯⎯⎯⎯⎯⎯⎯⎯⎯⎯⎯⎯⎯⎯⎯⎯⎯⎯
Serialized Error: { code: 'DATABASE_ERROR', statusCode: 500, details: { originalError: 'null value in column "id" of relation "customers" violates not-null constraint' }, toResponse: 'Function<toResponse>' }
⎯⎯⎯⎯⎯⎯⎯⎯⎯⎯⎯⎯⎯⎯⎯⎯⎯⎯⎯⎯⎯⎯[16/69]⎯

 FAIL  src/__tests__/integration/auth-flow.test.ts > Auth Flow Tests > Logout Flow > should logout single session
 FAIL  src/__tests__/integration/auth-flow.test.ts > Auth Flow Tests > Logout Flow > should logout all sessions
 FAIL  src/__tests__/integration/auth-flow.test.ts > Auth Flow Tests > Logout Flow > should invalidate token after logout
Error: Failed to save CustomerRepository
 ❯ CustomerRepository.save src/core/repository/base-repository.ts:98:13
     96|         throw new Error(`Duplicate entry: ${dbError.message}`);
     97|       }
     98|       throw new DatabaseError(`Failed to save ${this.constructor.name}…
       |             ^
     99|     }
    100|   }
 ❯ AuthService.register src/core/services/auth.service.ts:65:22
 ❯ src/__tests__/integration/auth-flow.test.ts:168:22

⎯⎯⎯⎯⎯⎯⎯⎯⎯⎯⎯⎯⎯⎯⎯⎯⎯⎯⎯⎯⎯⎯⎯⎯⎯⎯⎯⎯⎯⎯
Serialized Error: { code: 'DATABASE_ERROR', statusCode: 500, details: { originalError: 'null value in column "id" of relation "customers" violates not-null constraint' }, toResponse: 'Function<toResponse>' }
⎯⎯⎯⎯⎯⎯⎯⎯⎯⎯⎯⎯⎯⎯⎯⎯⎯⎯⎯⎯⎯⎯[17/69]⎯

 FAIL  src/__tests__/integration/auth-flow.test.ts > Auth Flow Tests > Email Verification Flow > should send email verification token
 FAIL  src/__tests__/integration/auth-flow.test.ts > Auth Flow Tests > Email Verification Flow > should verify email with valid token
 FAIL  src/__tests__/integration/auth-flow.test.ts > Auth Flow Tests > Email Verification Flow > should reject invalid verification token
 FAIL  src/__tests__/integration/auth-flow.test.ts > Auth Flow Tests > Email Verification Flow > should prevent email verification twice
Error: Failed to save CustomerRepository
 ❯ CustomerRepository.save src/core/repository/base-repository.ts:98:13
     96|         throw new Error(`Duplicate entry: ${dbError.message}`);
     97|       }
     98|       throw new DatabaseError(`Failed to save ${this.constructor.name}…
       |             ^
     99|     }
    100|   }
 ❯ AuthService.register src/core/services/auth.service.ts:65:22
 ❯ src/__tests__/integration/auth-flow.test.ts:214:22

⎯⎯⎯⎯⎯⎯⎯⎯⎯⎯⎯⎯⎯⎯⎯⎯⎯⎯⎯⎯⎯⎯⎯⎯⎯⎯⎯⎯⎯⎯
Serialized Error: { code: 'DATABASE_ERROR', statusCode: 500, details: { originalError: 'null value in column "id" of relation "customers" violates not-null constraint' }, toResponse: 'Function<toResponse>' }
⎯⎯⎯⎯⎯⎯⎯⎯⎯⎯⎯⎯⎯⎯⎯⎯⎯⎯⎯⎯⎯⎯[18/69]⎯

 FAIL  src/__tests__/integration/auth-flow.test.ts > Auth Flow Tests > Password Reset Flow > should send password reset token
 FAIL  src/__tests__/integration/auth-flow.test.ts > Auth Flow Tests > Password Reset Flow > should reset password with valid token
 FAIL  src/__tests__/integration/auth-flow.test.ts > Auth Flow Tests > Password Reset Flow > should reject invalid reset token
 FAIL  src/__tests__/integration/auth-flow.test.ts > Auth Flow Tests > Password Reset Flow > should protect against brute force on reset token
Error: Failed to save CustomerRepository
 ❯ CustomerRepository.save src/core/repository/base-repository.ts:98:13
     96|         throw new Error(`Duplicate entry: ${dbError.message}`);
     97|       }
     98|       throw new DatabaseError(`Failed to save ${this.constructor.name}…
       |             ^
     99|     }
    100|   }
 ❯ AuthService.register src/core/services/auth.service.ts:65:22
 ❯ src/__tests__/integration/auth-flow.test.ts:253:22

⎯⎯⎯⎯⎯⎯⎯⎯⎯⎯⎯⎯⎯⎯⎯⎯⎯⎯⎯⎯⎯⎯⎯⎯⎯⎯⎯⎯⎯⎯
Serialized Error: { code: 'DATABASE_ERROR', statusCode: 500, details: { originalError: 'null value in column "id" of relation "customers" violates not-null constraint' }, toResponse: 'Function<toResponse>' }
⎯⎯⎯⎯⎯⎯⎯⎯⎯⎯⎯⎯⎯⎯⎯⎯⎯⎯⎯⎯⎯⎯[19/69]⎯

 FAIL  src/__tests__/integration/auth-flow.test.ts > Auth Flow Tests > Password Change Flow > should change password successfully
 FAIL  src/__tests__/integration/auth-flow.test.ts > Auth Flow Tests > Password Change Flow > should reject change with wrong current password
 FAIL  src/__tests__/integration/auth-flow.test.ts > Auth Flow Tests > Password Change Flow > should logout all sessions on password change
Error: Failed to save CustomerRepository
 ❯ CustomerRepository.save src/core/repository/base-repository.ts:98:13
     96|         throw new Error(`Duplicate entry: ${dbError.message}`);
     97|       }
     98|       throw new DatabaseError(`Failed to save ${this.constructor.name}…
       |             ^
     99|     }
    100|   }
 ❯ AuthService.register src/core/services/auth.service.ts:65:22
 ❯ src/__tests__/integration/auth-flow.test.ts:307:22

⎯⎯⎯⎯⎯⎯⎯⎯⎯⎯⎯⎯⎯⎯⎯⎯⎯⎯⎯⎯⎯⎯⎯⎯⎯⎯⎯⎯⎯⎯
Serialized Error: { code: 'DATABASE_ERROR', statusCode: 500, details: { originalError: 'null value in column "id" of relation "customers" violates not-null constraint' }, toResponse: 'Function<toResponse>' }
⎯⎯⎯⎯⎯⎯⎯⎯⎯⎯⎯⎯⎯⎯⎯⎯⎯⎯⎯⎯⎯⎯[20/69]⎯

 FAIL  src/__tests__/integration/auth-flow.test.ts > Auth Flow Tests > Multi-Device Sessions > should support multiple concurrent sessions
 FAIL  src/__tests__/integration/auth-flow.test.ts > Auth Flow Tests > Multi-Device Sessions > should track device information
Error: Failed to save CustomerRepository
 ❯ CustomerRepository.save src/core/repository/base-repository.ts:98:13
     96|         throw new Error(`Duplicate entry: ${dbError.message}`);
     97|       }
     98|       throw new DatabaseError(`Failed to save ${this.constructor.name}…
       |             ^
     99|     }
    100|   }
 ❯ AuthService.register src/core/services/auth.service.ts:65:22
 ❯ src/__tests__/integration/auth-flow.test.ts:355:22

⎯⎯⎯⎯⎯⎯⎯⎯⎯⎯⎯⎯⎯⎯⎯⎯⎯⎯⎯⎯⎯⎯⎯⎯⎯⎯⎯⎯⎯⎯
Serialized Error: { code: 'DATABASE_ERROR', statusCode: 500, details: { originalError: 'null value in column "id" of relation "customers" violates not-null constraint' }, toResponse: 'Function<toResponse>' }
⎯⎯⎯⎯⎯⎯⎯⎯⎯⎯⎯⎯⎯⎯⎯⎯⎯⎯⎯⎯⎯⎯[21/69]⎯

 FAIL  src/__tests__/integration/security.test.ts > Security Tests > Token Security > should hash session tokens
Error: Failed to save CustomerRepository
 ❯ CustomerRepository.save src/core/repository/base-repository.ts:98:13
     96|         throw new Error(`Duplicate entry: ${dbError.message}`);
     97|       }
     98|       throw new DatabaseError(`Failed to save ${this.constructor.name}…
       |             ^
     99|     }
    100|   }
 ❯ AuthService.register src/core/services/auth.service.ts:65:22
 ❯ src/__tests__/integration/security.test.ts:38:22

⎯⎯⎯⎯⎯⎯⎯⎯⎯⎯⎯⎯⎯⎯⎯⎯⎯⎯⎯⎯⎯⎯⎯⎯⎯⎯⎯⎯⎯⎯
Serialized Error: { code: 'DATABASE_ERROR', statusCode: 500, details: { originalError: 'null value in column "id" of relation "customers" violates not-null constraint' }, toResponse: 'Function<toResponse>' }
⎯⎯⎯⎯⎯⎯⎯⎯⎯⎯⎯⎯⎯⎯⎯⎯⎯⎯⎯⎯⎯⎯[22/69]⎯

 FAIL  src/__tests__/integration/security.test.ts > Security Tests > Token Security > should not store raw tokens in database
Error: Failed to save CustomerRepository
 ❯ CustomerRepository.save src/core/repository/base-repository.ts:98:13
     96|         throw new Error(`Duplicate entry: ${dbError.message}`);
     97|       }
     98|       throw new DatabaseError(`Failed to save ${this.constructor.name}…
       |             ^
     99|     }
    100|   }
 ❯ AuthService.register src/core/services/auth.service.ts:65:22
 ❯ src/__tests__/integration/security.test.ts:53:22

⎯⎯⎯⎯⎯⎯⎯⎯⎯⎯⎯⎯⎯⎯⎯⎯⎯⎯⎯⎯⎯⎯⎯⎯⎯⎯⎯⎯⎯⎯
Serialized Error: { code: 'DATABASE_ERROR', statusCode: 500, details: { originalError: 'null value in column "id" of relation "customers" violates not-null constraint' }, toResponse: 'Function<toResponse>' }
⎯⎯⎯⎯⎯⎯⎯⎯⎯⎯⎯⎯⎯⎯⎯⎯⎯⎯⎯⎯⎯⎯[23/69]⎯

 FAIL  src/__tests__/integration/security.test.ts > Security Tests > Token Security > should verify tokens via hash comparison
Error: Failed to save CustomerRepository
 ❯ CustomerRepository.save src/core/repository/base-repository.ts:98:13
     96|         throw new Error(`Duplicate entry: ${dbError.message}`);
     97|       }
     98|       throw new DatabaseError(`Failed to save ${this.constructor.name}…
       |             ^
     99|     }
    100|   }
 ❯ AuthService.register src/core/services/auth.service.ts:65:22
 ❯ src/__tests__/integration/security.test.ts:68:22

⎯⎯⎯⎯⎯⎯⎯⎯⎯⎯⎯⎯⎯⎯⎯⎯⎯⎯⎯⎯⎯⎯⎯⎯⎯⎯⎯⎯⎯⎯
Serialized Error: { code: 'DATABASE_ERROR', statusCode: 500, details: { originalError: 'null value in column "id" of relation "customers" violates not-null constraint' }, toResponse: 'Function<toResponse>' }
⎯⎯⎯⎯⎯⎯⎯⎯⎯⎯⎯⎯⎯⎯⎯⎯⎯⎯⎯⎯⎯⎯[24/69]⎯

 FAIL  src/__tests__/integration/security.test.ts > Security Tests > Password Security > should hash passwords with bcrypt
Error: Failed to save CustomerRepository
 ❯ CustomerRepository.save src/core/repository/base-repository.ts:98:13
     96|         throw new Error(`Duplicate entry: ${dbError.message}`);
     97|       }
     98|       throw new DatabaseError(`Failed to save ${this.constructor.name}…
       |             ^
     99|     }
    100|   }
 ❯ AuthService.register src/core/services/auth.service.ts:65:22
 ❯ src/__tests__/integration/security.test.ts:103:22

⎯⎯⎯⎯⎯⎯⎯⎯⎯⎯⎯⎯⎯⎯⎯⎯⎯⎯⎯⎯⎯⎯⎯⎯⎯⎯⎯⎯⎯⎯
Serialized Error: { code: 'DATABASE_ERROR', statusCode: 500, details: { originalError: 'null value in column "id" of relation "customers" violates not-null constraint' }, toResponse: 'Function<toResponse>' }
⎯⎯⎯⎯⎯⎯⎯⎯⎯⎯⎯⎯⎯⎯⎯⎯⎯⎯⎯⎯⎯⎯[25/69]⎯

 FAIL  src/__tests__/integration/security.test.ts > Security Tests > Password Security > should verify passwords securely
Error: Failed to save CustomerRepository
 ❯ CustomerRepository.save src/core/repository/base-repository.ts:98:13
     96|         throw new Error(`Duplicate entry: ${dbError.message}`);
     97|       }
     98|       throw new DatabaseError(`Failed to save ${this.constructor.name}…
       |             ^
     99|     }
    100|   }
 ❯ AuthService.register src/core/services/auth.service.ts:65:22
 ❯ src/__tests__/integration/security.test.ts:122:22

⎯⎯⎯⎯⎯⎯⎯⎯⎯⎯⎯⎯⎯⎯⎯⎯⎯⎯⎯⎯⎯⎯⎯⎯⎯⎯⎯⎯⎯⎯
Serialized Error: { code: 'DATABASE_ERROR', statusCode: 500, details: { originalError: 'null value in column "id" of relation "customers" violates not-null constraint' }, toResponse: 'Function<toResponse>' }
⎯⎯⎯⎯⎯⎯⎯⎯⎯⎯⎯⎯⎯⎯⎯⎯⎯⎯⎯⎯⎯⎯[26/69]⎯

 FAIL  src/__tests__/integration/security.test.ts > Security Tests > Password Security > should use bcrypt with cost factor 10
Error: Failed to save CustomerRepository
 ❯ CustomerRepository.save src/core/repository/base-repository.ts:98:13
     96|         throw new Error(`Duplicate entry: ${dbError.message}`);
     97|       }
     98|       throw new DatabaseError(`Failed to save ${this.constructor.name}…
       |             ^
     99|     }
    100|   }
 ❯ AuthService.register src/core/services/auth.service.ts:65:22
 ❯ src/__tests__/integration/security.test.ts:148:7

⎯⎯⎯⎯⎯⎯⎯⎯⎯⎯⎯⎯⎯⎯⎯⎯⎯⎯⎯⎯⎯⎯⎯⎯⎯⎯⎯⎯⎯⎯
Serialized Error: { code: 'DATABASE_ERROR', statusCode: 500, details: { originalError: 'null value in column "id" of relation "customers" violates not-null constraint' }, toResponse: 'Function<toResponse>' }
⎯⎯⎯⎯⎯⎯⎯⎯⎯⎯⎯⎯⎯⎯⎯⎯⎯⎯⎯⎯⎯⎯[27/69]⎯

 FAIL  src/__tests__/integration/security.test.ts > Security Tests > Account Lockout > should lock account after 5 failed attempts
Error: Failed to save CustomerRepository
 ❯ CustomerRepository.save src/core/repository/base-repository.ts:98:13
     96|         throw new Error(`Duplicate entry: ${dbError.message}`);
     97|       }
     98|       throw new DatabaseError(`Failed to save ${this.constructor.name}…
       |             ^
     99|     }
    100|   }
 ❯ AuthService.register src/core/services/auth.service.ts:65:22
 ❯ src/__tests__/integration/security.test.ts:181:7

⎯⎯⎯⎯⎯⎯⎯⎯⎯⎯⎯⎯⎯⎯⎯⎯⎯⎯⎯⎯⎯⎯⎯⎯⎯⎯⎯⎯⎯⎯
Serialized Error: { code: 'DATABASE_ERROR', statusCode: 500, details: { originalError: 'null value in column "id" of relation "customers" violates not-null constraint' }, toResponse: 'Function<toResponse>' }
⎯⎯⎯⎯⎯⎯⎯⎯⎯⎯⎯⎯⎯⎯⎯⎯⎯⎯⎯⎯⎯⎯[28/69]⎯

 FAIL  src/__tests__/integration/security.test.ts > Security Tests > Verification Token Security > should hash verification tokens
Error: Failed to save CustomerRepository
 ❯ CustomerRepository.save src/core/repository/base-repository.ts:98:13
     96|         throw new Error(`Duplicate entry: ${dbError.message}`);
     97|       }
     98|       throw new DatabaseError(`Failed to save ${this.constructor.name}…
       |             ^
     99|     }
    100|   }
 ❯ AuthService.register src/core/services/auth.service.ts:65:22
 ❯ src/__tests__/integration/security.test.ts:219:22

⎯⎯⎯⎯⎯⎯⎯⎯⎯⎯⎯⎯⎯⎯⎯⎯⎯⎯⎯⎯⎯⎯⎯⎯⎯⎯⎯⎯⎯⎯
Serialized Error: { code: 'DATABASE_ERROR', statusCode: 500, details: { originalError: 'null value in column "id" of relation "customers" violates not-null constraint' }, toResponse: 'Function<toResponse>' }
⎯⎯⎯⎯⎯⎯⎯⎯⎯⎯⎯⎯⎯⎯⎯⎯⎯⎯⎯⎯⎯⎯[29/69]⎯

 FAIL  src/__tests__/integration/security.test.ts > Security Tests > Verification Token Security > should enforce one-time use of verification tokens
Error: Failed to save CustomerRepository
 ❯ CustomerRepository.save src/core/repository/base-repository.ts:98:13
     96|         throw new Error(`Duplicate entry: ${dbError.message}`);
     97|       }
     98|       throw new DatabaseError(`Failed to save ${this.constructor.name}…
       |             ^
     99|     }
    100|   }
 ❯ AuthService.register src/core/services/auth.service.ts:65:22
 ❯ src/__tests__/integration/security.test.ts:243:22

⎯⎯⎯⎯⎯⎯⎯⎯⎯⎯⎯⎯⎯⎯⎯⎯⎯⎯⎯⎯⎯⎯⎯⎯⎯⎯⎯⎯⎯⎯
Serialized Error: { code: 'DATABASE_ERROR', statusCode: 500, details: { originalError: 'null value in column "id" of relation "customers" violates not-null constraint' }, toResponse: 'Function<toResponse>' }
⎯⎯⎯⎯⎯⎯⎯⎯⎯⎯⎯⎯⎯⎯⎯⎯⎯⎯⎯⎯⎯⎯[30/69]⎯

 FAIL  src/__tests__/integration/security.test.ts > Security Tests > Immutability Enforcement > should prevent audit log updates
Error: Failed to save AuditLogRepository
 ❯ AuditLogRepository.save src/core/repository/base-repository.ts:98:13
     96|         throw new Error(`Duplicate entry: ${dbError.message}`);
     97|       }
     98|       throw new DatabaseError(`Failed to save ${this.constructor.name}…
       |             ^
     99|     }
    100|   }
 ❯ src/__tests__/integration/security.test.ts:263:19

⎯⎯⎯⎯⎯⎯⎯⎯⎯⎯⎯⎯⎯⎯⎯⎯⎯⎯⎯⎯⎯⎯⎯⎯⎯⎯⎯⎯⎯⎯
Serialized Error: { code: 'DATABASE_ERROR', statusCode: 500, details: { originalError: 'invalid input syntax for type uuid: "test-id"' }, toResponse: 'Function<toResponse>' }
⎯⎯⎯⎯⎯⎯⎯⎯⎯⎯⎯⎯⎯⎯⎯⎯⎯⎯⎯⎯⎯⎯[31/69]⎯

 FAIL  src/__tests__/integration/security.test.ts > Security Tests > Immutability Enforcement > should prevent audit log deletion
Error: Failed to save AuditLogRepository
 ❯ AuditLogRepository.save src/core/repository/base-repository.ts:98:13
     96|         throw new Error(`Duplicate entry: ${dbError.message}`);
     97|       }
     98|       throw new DatabaseError(`Failed to save ${this.constructor.name}…
       |             ^
     99|     }
    100|   }
 ❯ src/__tests__/integration/security.test.ts:279:7

⎯⎯⎯⎯⎯⎯⎯⎯⎯⎯⎯⎯⎯⎯⎯⎯⎯⎯⎯⎯⎯⎯⎯⎯⎯⎯⎯⎯⎯⎯
Serialized Error: { code: 'DATABASE_ERROR', statusCode: 500, details: { originalError: 'invalid input syntax for type uuid: "test-id"' }, toResponse: 'Function<toResponse>' }
⎯⎯⎯⎯⎯⎯⎯⎯⎯⎯⎯⎯⎯⎯⎯⎯⎯⎯⎯⎯⎯⎯[32/69]⎯

 FAIL  src/__tests__/integration/security.test.ts > Security Tests > Immutability Enforcement > should prevent consent record updates
Error: Failed to save CustomerConsentRepository
 ❯ CustomerConsentRepository.save src/core/repository/base-repository.ts:98:13
     96|         throw new Error(`Duplicate entry: ${dbError.message}`);
     97|       }
     98|       throw new DatabaseError(`Failed to save ${this.constructor.name}…
       |             ^
     99|     }
    100|   }
 ❯ src/__tests__/integration/security.test.ts:295:7

⎯⎯⎯⎯⎯⎯⎯⎯⎯⎯⎯⎯⎯⎯⎯⎯⎯⎯⎯⎯⎯⎯⎯⎯⎯⎯⎯⎯⎯⎯
Serialized Error: { code: 'DATABASE_ERROR', statusCode: 500, details: { originalError: 'relation "customer_consents" does not exist' }, toResponse: 'Function<toResponse>' }
⎯⎯⎯⎯⎯⎯⎯⎯⎯⎯⎯⎯⎯⎯⎯⎯⎯⎯⎯⎯⎯⎯[33/69]⎯

 FAIL  src/__tests__/integration/security.test.ts > Security Tests > Immutability Enforcement > should prevent consent record deletion
Error: Failed to save CustomerConsentRepository
 ❯ CustomerConsentRepository.save src/core/repository/base-repository.ts:98:13
     96|         throw new Error(`Duplicate entry: ${dbError.message}`);
     97|       }
     98|       throw new DatabaseError(`Failed to save ${this.constructor.name}…
       |             ^
     99|     }
    100|   }
 ❯ src/__tests__/integration/security.test.ts:310:7

⎯⎯⎯⎯⎯⎯⎯⎯⎯⎯⎯⎯⎯⎯⎯⎯⎯⎯⎯⎯⎯⎯⎯⎯⎯⎯⎯⎯⎯⎯
Serialized Error: { code: 'DATABASE_ERROR', statusCode: 500, details: { originalError: 'relation "customer_consents" does not exist' }, toResponse: 'Function<toResponse>' }
⎯⎯⎯⎯⎯⎯⎯⎯⎯⎯⎯⎯⎯⎯⎯⎯⎯⎯⎯⎯⎯⎯[34/69]⎯

 FAIL  src/__tests__/integration/security.test.ts > Security Tests > Immutability Enforcement > should still allow appending to consent records
Error: Failed to save CustomerConsentRepository
 ❯ CustomerConsentRepository.save src/core/repository/base-repository.ts:98:13
     96|         throw new Error(`Duplicate entry: ${dbError.message}`);
     97|       }
     98|       throw new DatabaseError(`Failed to save ${this.constructor.name}…
       |             ^
     99|     }
    100|   }
 ❯ src/__tests__/integration/security.test.ts:326:7

⎯⎯⎯⎯⎯⎯⎯⎯⎯⎯⎯⎯⎯⎯⎯⎯⎯⎯⎯⎯⎯⎯⎯⎯⎯⎯⎯⎯⎯⎯
Serialized Error: { code: 'DATABASE_ERROR', statusCode: 500, details: { originalError: 'relation "customer_consents" does not exist' }, toResponse: 'Function<toResponse>' }
⎯⎯⎯⎯⎯⎯⎯⎯⎯⎯⎯⎯⎯⎯⎯⎯⎯⎯⎯⎯⎯⎯[35/69]⎯

 FAIL  src/__tests__/integration/soft-delete.test.ts > Soft Delete Tests > Customer Soft Delete > should hide deleted customers from normal queries
AssertionError: expected CustomerEntity{ …(13) } to be null
 ❯ src/__tests__/integration/soft-delete.test.ts:48:21
     46|       // findById should return null for deleted
     47|       const found = await customerRepo.findById(customer.id, store1Id);
     48|       expect(found).toBeNull();
       |                     ^
     49|     });
     50| 

⎯⎯⎯⎯⎯⎯⎯⎯⎯⎯⎯⎯⎯⎯⎯⎯⎯⎯⎯⎯⎯⎯[36/69]⎯

 FAIL  src/__tests__/integration/soft-delete.test.ts > Soft Delete Tests > Customer Soft Delete > should allow email reuse after soft delete
Error: Failed to save CustomerRepository
 ❯ CustomerRepository.save src/core/repository/base-repository.ts:98:13
     96|         throw new Error(`Duplicate entry: ${dbError.message}`);
     97|       }
     98|       throw new DatabaseError(`Failed to save ${this.constructor.name}…
       |             ^
     99|     }
    100|   }
 ❯ src/__tests__/integration/soft-delete.test.ts:59:7

⎯⎯⎯⎯⎯⎯⎯⎯⎯⎯⎯⎯⎯⎯⎯⎯⎯⎯⎯⎯⎯⎯⎯⎯⎯⎯⎯⎯⎯⎯
Serialized Error: { code: 'DATABASE_ERROR', statusCode: 500, details: { originalError: 'null value in column "id" of relation "customers" violates not-null constraint' }, toResponse: 'Function<toResponse>' }
⎯⎯⎯⎯⎯⎯⎯⎯⎯⎯⎯⎯⎯⎯⎯⎯⎯⎯⎯⎯⎯⎯[37/69]⎯

 FAIL  src/__tests__/integration/soft-delete.test.ts > Soft Delete Tests > Customer Soft Delete > should not allow duplicate email when restoring
Error: Failed to save CustomerRepository
 ❯ CustomerRepository.save src/core/repository/base-repository.ts:98:13
     96|         throw new Error(`Duplicate entry: ${dbError.message}`);
     97|       }
     98|       throw new DatabaseError(`Failed to save ${this.constructor.name}…
       |             ^
     99|     }
    100|   }
 ❯ src/__tests__/integration/soft-delete.test.ts:95:7

⎯⎯⎯⎯⎯⎯⎯⎯⎯⎯⎯⎯⎯⎯⎯⎯⎯⎯⎯⎯⎯⎯⎯⎯⎯⎯⎯⎯⎯⎯
Serialized Error: { code: 'DATABASE_ERROR', statusCode: 500, details: { originalError: 'null value in column "id" of relation "customers" violates not-null constraint' }, toResponse: 'Function<toResponse>' }
⎯⎯⎯⎯⎯⎯⎯⎯⎯⎯⎯⎯⎯⎯⎯⎯⎯⎯⎯⎯⎯⎯[38/69]⎯

 FAIL  src/__tests__/integration/soft-delete.test.ts > Soft Delete Tests > Address Soft Delete > should soft delete address
Error: Failed to soft delete CustomerAddressRepository
 ❯ CustomerAddressRepository.softDelete src/core/repository/base-repository.ts:130:13
    128|       );
    129|     } catch (error) {
    130|       throw new DatabaseError(`Failed to soft delete ${this.constructo…
       |             ^
    131|     }
    132|   }
 ❯ src/__tests__/integration/soft-delete.test.ts:122:7

⎯⎯⎯⎯⎯⎯⎯⎯⎯⎯⎯⎯⎯⎯⎯⎯⎯⎯⎯⎯⎯⎯⎯⎯⎯⎯⎯⎯⎯⎯
Serialized Error: { code: 'DATABASE_ERROR', statusCode: 500, details: { originalError: 'Failed to find CustomerAddressRepository by ID' }, toResponse: 'Function<toResponse>' }
⎯⎯⎯⎯⎯⎯⎯⎯⎯⎯⎯⎯⎯⎯⎯⎯⎯⎯⎯⎯⎯⎯[39/69]⎯

 FAIL  src/__tests__/integration/soft-delete.test.ts > Soft Delete Tests > Address Soft Delete > should remove from list after soft delete
Error: Failed to soft delete CustomerAddressRepository
 ❯ CustomerAddressRepository.softDelete src/core/repository/base-repository.ts:130:13
    128|       );
    129|     } catch (error) {
    130|       throw new DatabaseError(`Failed to soft delete ${this.constructo…
       |             ^
    131|     }
    132|   }
 ❯ src/__tests__/integration/soft-delete.test.ts:136:7

⎯⎯⎯⎯⎯⎯⎯⎯⎯⎯⎯⎯⎯⎯⎯⎯⎯⎯⎯⎯⎯⎯⎯⎯⎯⎯⎯⎯⎯⎯
Serialized Error: { code: 'DATABASE_ERROR', statusCode: 500, details: { originalError: 'Failed to find CustomerAddressRepository by ID' }, toResponse: 'Function<toResponse>' }
⎯⎯⎯⎯⎯⎯⎯⎯⎯⎯⎯⎯⎯⎯⎯⎯⎯⎯⎯⎯⎯⎯[40/69]⎯

 FAIL  src/__tests__/integration/soft-delete.test.ts > Soft Delete Tests > Address Soft Delete > should restore deleted address
Error: Failed to soft delete CustomerAddressRepository
 ❯ CustomerAddressRepository.softDelete src/core/repository/base-repository.ts:130:13
    128|       );
    129|     } catch (error) {
    130|       throw new DatabaseError(`Failed to soft delete ${this.constructo…
       |             ^
    131|     }
    132|   }
 ❯ src/__tests__/integration/soft-delete.test.ts:146:7

⎯⎯⎯⎯⎯⎯⎯⎯⎯⎯⎯⎯⎯⎯⎯⎯⎯⎯⎯⎯⎯⎯⎯⎯⎯⎯⎯⎯⎯⎯
Serialized Error: { code: 'DATABASE_ERROR', statusCode: 500, details: { originalError: 'Failed to find CustomerAddressRepository by ID' }, toResponse: 'Function<toResponse>' }
⎯⎯⎯⎯⎯⎯⎯⎯⎯⎯⎯⎯⎯⎯⎯⎯⎯⎯⎯⎯⎯⎯[41/69]⎯

 FAIL  src/__tests__/integration/soft-delete.test.ts > Soft Delete Tests > Address Soft Delete > should cascade delete addresses when customer deleted
AssertionError: expected [ Array(2) ] to have a length of +0 but got 2

- Expected
+ Received

- 0
+ 2

 ❯ src/__tests__/integration/soft-delete.test.ts:167:25
    165|       // Addresses should still exist in DB but should be hidden
    166|       const addresses = await addressRepo.getCustomerAddresses(custome…
    167|       expect(addresses).toHaveLength(0);
       |                         ^
    168| 
    169|       // But if we query with soft-delete filtering removed, they're s…

⎯⎯⎯⎯⎯⎯⎯⎯⎯⎯⎯⎯⎯⎯⎯⎯⎯⎯⎯⎯⎯⎯[42/69]⎯

 FAIL  src/__tests__/integration/soft-delete.test.ts > Soft Delete Tests > Soft Delete with Unique Constraints > should respect unique constraint with deleted_at IS NULL
Error: Failed to save CustomerRepository
 ❯ CustomerRepository.save src/core/repository/base-repository.ts:98:13
     96|         throw new Error(`Duplicate entry: ${dbError.message}`);
     97|       }
     98|       throw new DatabaseError(`Failed to save ${this.constructor.name}…
       |             ^
     99|     }
    100|   }
 ❯ src/__tests__/integration/soft-delete.test.ts:187:7

⎯⎯⎯⎯⎯⎯⎯⎯⎯⎯⎯⎯⎯⎯⎯⎯⎯⎯⎯⎯⎯⎯⎯⎯⎯⎯⎯⎯⎯⎯
Serialized Error: { code: 'DATABASE_ERROR', statusCode: 500, details: { originalError: 'null value in column "id" of relation "customers" violates not-null constraint' }, toResponse: 'Function<toResponse>' }
⎯⎯⎯⎯⎯⎯⎯⎯⎯⎯⎯⎯⎯⎯⎯⎯⎯⎯⎯⎯⎯⎯[43/69]⎯

 FAIL  src/__tests__/integration/soft-delete.test.ts > Soft Delete Tests > Audit Trail Preservation > should preserve deleted customer in audit logs
Error: Cannot find module '../../core/repositories/audit-log.repository.js'
Require stack:
- /Users/apple/Projects/faded-chapter-backend/src/__tests__/integration/soft-delete.test.ts
 ❯ src/__tests__/integration/soft-delete.test.ts:213:25
    211|       const customerId = customer.id;
    212| 
    213|       const auditRepo = require('../../core/repositories/audit-log.rep…
       |                         ^
    214|       const repo = new auditRepo();
    215| 

⎯⎯⎯⎯⎯⎯⎯⎯⎯⎯⎯⎯⎯⎯⎯⎯⎯⎯⎯⎯⎯⎯⎯⎯⎯⎯⎯⎯⎯⎯
Serialized Error: { code: 'MODULE_NOT_FOUND', requireStack: [ '/Users/apple/Projects/faded-chapter-backend/src/__tests__/integration/soft-delete.test.ts' ] }
⎯⎯⎯⎯⎯⎯⎯⎯⎯⎯⎯⎯⎯⎯⎯⎯⎯⎯⎯⎯⎯⎯[44/69]⎯

 FAIL  src/__tests__/integration/store-isolation.test.ts > Store Isolation Tests > Customer Isolation > should allow same email in different stores
Error: Failed to save CustomerRepository
 ❯ CustomerRepository.save src/core/repository/base-repository.ts:98:13
     96|         throw new Error(`Duplicate entry: ${dbError.message}`);
     97|       }
     98|       throw new DatabaseError(`Failed to save ${this.constructor.name}…
       |             ^
     99|     }
    100|   }
 ❯ src/__tests__/integration/store-isolation.test.ts:32:25

⎯⎯⎯⎯⎯⎯⎯⎯⎯⎯⎯⎯⎯⎯⎯⎯⎯⎯⎯⎯⎯⎯⎯⎯⎯⎯⎯⎯⎯⎯
Serialized Error: { code: 'DATABASE_ERROR', statusCode: 500, details: { originalError: 'null value in column "id" of relation "customers" violates not-null constraint' }, toResponse: 'Function<toResponse>' }
⎯⎯⎯⎯⎯⎯⎯⎯⎯⎯⎯⎯⎯⎯⎯⎯⎯⎯⎯⎯⎯⎯[45/69]⎯

 FAIL  src/__tests__/integration/store-isolation.test.ts > Store Isolation Tests > Customer Isolation > should prevent duplicate email in same store
Error: Failed to save CustomerRepository
 ❯ CustomerRepository.save src/core/repository/base-repository.ts:98:13
     96|         throw new Error(`Duplicate entry: ${dbError.message}`);
     97|       }
     98|       throw new DatabaseError(`Failed to save ${this.constructor.name}…
       |             ^
     99|     }
    100|   }
 ❯ src/__tests__/integration/store-isolation.test.ts:46:7

⎯⎯⎯⎯⎯⎯⎯⎯⎯⎯⎯⎯⎯⎯⎯⎯⎯⎯⎯⎯⎯⎯⎯⎯⎯⎯⎯⎯⎯⎯
Serialized Error: { code: 'DATABASE_ERROR', statusCode: 500, details: { originalError: 'null value in column "id" of relation "customers" violates not-null constraint' }, toResponse: 'Function<toResponse>' }
⎯⎯⎯⎯⎯⎯⎯⎯⎯⎯⎯⎯⎯⎯⎯⎯⎯⎯⎯⎯⎯⎯[46/69]⎯

 FAIL  src/__tests__/integration/store-isolation.test.ts > Store Isolation Tests > Customer Isolation > should not find customer from different store
Error: Failed to save CustomerRepository
 ❯ CustomerRepository.save src/core/repository/base-repository.ts:98:13
     96|         throw new Error(`Duplicate entry: ${dbError.message}`);
     97|       }
     98|       throw new DatabaseError(`Failed to save ${this.constructor.name}…
       |             ^
     99|     }
    100|   }
 ❯ src/__tests__/integration/store-isolation.test.ts:58:25

⎯⎯⎯⎯⎯⎯⎯⎯⎯⎯⎯⎯⎯⎯⎯⎯⎯⎯⎯⎯⎯⎯⎯⎯⎯⎯⎯⎯⎯⎯
Serialized Error: { code: 'DATABASE_ERROR', statusCode: 500, details: { originalError: 'null value in column "id" of relation "customers" violates not-null constraint' }, toResponse: 'Function<toResponse>' }
⎯⎯⎯⎯⎯⎯⎯⎯⎯⎯⎯⎯⎯⎯⎯⎯⎯⎯⎯⎯⎯⎯[47/69]⎯

 FAIL  src/__tests__/integration/store-isolation.test.ts > Store Isolation Tests > Customer Isolation > should filter customers by store
Error: Failed to save CustomerRepository
 ❯ CustomerRepository.save src/core/repository/base-repository.ts:98:13
     96|         throw new Error(`Duplicate entry: ${dbError.message}`);
     97|       }
     98|       throw new DatabaseError(`Failed to save ${this.constructor.name}…
       |             ^
     99|     }
    100|   }
 ❯ src/__tests__/integration/store-isolation.test.ts:66:25

⎯⎯⎯⎯⎯⎯⎯⎯⎯⎯⎯⎯⎯⎯⎯⎯⎯⎯⎯⎯⎯⎯⎯⎯⎯⎯⎯⎯⎯⎯
Serialized Error: { code: 'DATABASE_ERROR', statusCode: 500, details: { originalError: 'null value in column "id" of relation "customers" violates not-null constraint' }, toResponse: 'Function<toResponse>' }
⎯⎯⎯⎯⎯⎯⎯⎯⎯⎯⎯⎯⎯⎯⎯⎯⎯⎯⎯⎯⎯⎯[48/69]⎯

 FAIL  src/__tests__/integration/store-isolation.test.ts > Store Isolation Tests > Address Isolation > should isolate addresses by store
 FAIL  src/__tests__/integration/store-isolation.test.ts > Store Isolation Tests > Address Isolation > should prevent cross-store address retrieval
 FAIL  src/__tests__/integration/store-isolation.test.ts > Store Isolation Tests > Address Isolation > should enforce composite FK constraint
Error: Failed to save CustomerRepository
 ❯ CustomerRepository.save src/core/repository/base-repository.ts:98:13
     96|         throw new Error(`Duplicate entry: ${dbError.message}`);
     97|       }
     98|       throw new DatabaseError(`Failed to save ${this.constructor.name}…
       |             ^
     99|     }
    100|   }
 ❯ src/__tests__/integration/store-isolation.test.ts:88:18

⎯⎯⎯⎯⎯⎯⎯⎯⎯⎯⎯⎯⎯⎯⎯⎯⎯⎯⎯⎯⎯⎯⎯⎯⎯⎯⎯⎯⎯⎯
Serialized Error: { code: 'DATABASE_ERROR', statusCode: 500, details: { originalError: 'null value in column "id" of relation "customers" violates not-null constraint' }, toResponse: 'Function<toResponse>' }
⎯⎯⎯⎯⎯⎯⎯⎯⎯⎯⎯⎯⎯⎯⎯⎯⎯⎯⎯⎯⎯⎯[49/69]⎯

 FAIL  src/__tests__/integration/store-isolation.test.ts > Store Isolation Tests > Session Isolation > should isolate sessions by store
Error: Cannot find module '../../core/repositories/session.repository.js'
Require stack:
- /Users/apple/Projects/faded-chapter-backend/src/__tests__/integration/store-isolation.test.ts
 ❯ src/__tests__/integration/store-isolation.test.ts:143:27
    141| 
    142|     it('should isolate sessions by store', async () => {
    143|       const sessionRepo = require('../../core/repositories/session.rep…
       |                           ^
    144|       const repo = new sessionRepo();
    145| 

⎯⎯⎯⎯⎯⎯⎯⎯⎯⎯⎯⎯⎯⎯⎯⎯⎯⎯⎯⎯⎯⎯⎯⎯⎯⎯⎯⎯⎯⎯
Serialized Error: { code: 'MODULE_NOT_FOUND', requireStack: [ '/Users/apple/Projects/faded-chapter-backend/src/__tests__/integration/store-isolation.test.ts' ] }
⎯⎯⎯⎯⎯⎯⎯⎯⎯⎯⎯⎯⎯⎯⎯⎯⎯⎯⎯⎯⎯⎯[50/69]⎯

 FAIL  src/__tests__/integration/store-isolation.test.ts > Store Isolation Tests > Cross-Store Attack Prevention > should prevent soft delete escape
Error: Failed to save CustomerRepository
 ❯ CustomerRepository.save src/core/repository/base-repository.ts:98:13
     96|         throw new Error(`Duplicate entry: ${dbError.message}`);
     97|       }
     98|       throw new DatabaseError(`Failed to save ${this.constructor.name}…
       |             ^
     99|     }
    100|   }
 ❯ src/__tests__/integration/store-isolation.test.ts:197:25

⎯⎯⎯⎯⎯⎯⎯⎯⎯⎯⎯⎯⎯⎯⎯⎯⎯⎯⎯⎯⎯⎯⎯⎯⎯⎯⎯⎯⎯⎯
Serialized Error: { code: 'DATABASE_ERROR', statusCode: 500, details: { originalError: 'null value in column "id" of relation "customers" violates not-null constraint' }, toResponse: 'Function<toResponse>' }
⎯⎯⎯⎯⎯⎯⎯⎯⎯⎯⎯⎯⎯⎯⎯⎯⎯⎯⎯⎯⎯⎯[51/69]⎯

 FAIL  src/__tests__/integration/store-isolation.test.ts > Store Isolation Tests > Audit Log Isolation > should scope audit logs to store
Error: Cannot find module '../../core/repositories/audit-log.repository.js'
Require stack:
- /Users/apple/Projects/faded-chapter-backend/src/__tests__/integration/store-isolation.test.ts
 ❯ src/__tests__/integration/store-isolation.test.ts:247:25
    245|   describe('Audit Log Isolation', () => {
    246|     it('should scope audit logs to store', async () => {
    247|       const auditRepo = require('../../core/repositories/audit-log.rep…
       |                         ^
    248|       const repo = new auditRepo();
    249| 

⎯⎯⎯⎯⎯⎯⎯⎯⎯⎯⎯⎯⎯⎯⎯⎯⎯⎯⎯⎯⎯⎯⎯⎯⎯⎯⎯⎯⎯⎯
Serialized Error: { code: 'MODULE_NOT_FOUND', requireStack: [ '/Users/apple/Projects/faded-chapter-backend/src/__tests__/integration/store-isolation.test.ts' ] }
⎯⎯⎯⎯⎯⎯⎯⎯⎯⎯⎯⎯⎯⎯⎯⎯⎯⎯⎯⎯⎯⎯[52/69]⎯

 Test Files  8 failed | 14 passed (22)
      Tests  66 failed | 208 passed (274)
   Start at  15:02:32
   Duration  889ms (transform 286ms, setup 1.05s, collect 486ms, tests 1.29s, environment 0ms, prepare 214ms)


 FAIL  Tests failed. Watching for file changes...
       press h to show help, press q to quit
[3Jc
 RERUN  src/__tests__/integration/store-isolation.test.ts x1

stdout | src/__tests__/integration/store-isolation.test.ts
✅ faded_chapter_test connected

stdout | src/__tests__/integration/store-isolation.test.ts
✅ Migrations completed
✅ Test database initialized

stdout | src/__tests__/integration/store-isolation.test.ts > Store Isolation Tests > Customer Isolation > should allow same email in different stores
query failed: INSERT INTO "customers"("id", "store_id", "email", "email_normalized", "first_name", "last_name", "phone", "status", "email_verified", "email_verified_at", "created_at", "updated_at", "deleted_at") VALUES (DEFAULT, $1, $2, $3, $4, $5, $6, $7, $8, DEFAULT, DEFAULT, DEFAULT, DEFAULT) RETURNING "status", "email_verified", "created_at", "updated_at" -- PARAMETERS: ["27c3e1c9-4a4f-460a-8251-42a07724fd8e","testuser@example.com","testuser@example.com","Store1",null,null,"active",false]
error: error: null value in column "id" of relation "customers" violates not-null constraint

stdout | src/__tests__/integration/store-isolation.test.ts > Store Isolation Tests > Customer Isolation > should prevent duplicate email in same store
query failed: INSERT INTO "customers"("id", "store_id", "email", "email_normalized", "first_name", "last_name", "phone", "status", "email_verified", "email_verified_at", "created_at", "updated_at", "deleted_at") VALUES (DEFAULT, $1, $2, $3, $4, $5, $6, $7, $8, DEFAULT, DEFAULT, DEFAULT, DEFAULT) RETURNING "status", "email_verified", "created_at", "updated_at" -- PARAMETERS: ["29127b51-983c-4224-b29b-8b4b09e390d1","testuser@example.com","testuser@example.com",null,null,null,"active",false]
error: error: null value in column "id" of relation "customers" violates not-null constraint

stdout | src/__tests__/integration/store-isolation.test.ts > Store Isolation Tests > Customer Isolation > should not find customer from different store
query failed: INSERT INTO "customers"("id", "store_id", "email", "email_normalized", "first_name", "last_name", "phone", "status", "email_verified", "email_verified_at", "created_at", "updated_at", "deleted_at") VALUES (DEFAULT, $1, $2, $3, $4, $5, $6, $7, $8, DEFAULT, DEFAULT, DEFAULT, DEFAULT) RETURNING "status", "email_verified", "created_at", "updated_at" -- PARAMETERS: ["96a9e661-49d8-45c6-9a18-e806782255b9","testuser@example.com","testuser@example.com",null,null,null,"active",false]
error: error: null value in column "id" of relation "customers" violates not-null constraint

stdout | src/__tests__/integration/store-isolation.test.ts > Store Isolation Tests > Customer Isolation > should filter customers by store
query failed: INSERT INTO "customers"("id", "store_id", "email", "email_normalized", "first_name", "last_name", "phone", "status", "email_verified", "email_verified_at", "created_at", "updated_at", "deleted_at") VALUES (DEFAULT, $1, $2, $3, $4, $5, $6, $7, $8, DEFAULT, DEFAULT, DEFAULT, DEFAULT) RETURNING "status", "email_verified", "created_at", "updated_at" -- PARAMETERS: ["6029d8b0-8801-4baa-9b4e-eb6dec67827b","testuser@example.com","testuser@example.com",null,null,null,"active",false]
error: error: null value in column "id" of relation "customers" violates not-null constraint

stdout | src/__tests__/integration/store-isolation.test.ts > Store Isolation Tests > Address Isolation > should isolate addresses by store
query failed: INSERT INTO "customers"("id", "store_id", "email", "email_normalized", "first_name", "last_name", "phone", "status", "email_verified", "email_verified_at", "created_at", "updated_at", "deleted_at") VALUES (DEFAULT, $1, $2, $3, $4, $5, $6, $7, $8, DEFAULT, DEFAULT, DEFAULT, DEFAULT) RETURNING "status", "email_verified", "created_at", "updated_at" -- PARAMETERS: ["c847c47e-4aa1-4cda-8c0c-ecdfdc170b36","testuser@example.com","testuser@example.com",null,null,null,"active",false]
error: error: null value in column "id" of relation "customers" violates not-null constraint

stdout | src/__tests__/integration/store-isolation.test.ts > Store Isolation Tests > Address Isolation > should prevent cross-store address retrieval
query failed: INSERT INTO "customers"("id", "store_id", "email", "email_normalized", "first_name", "last_name", "phone", "status", "email_verified", "email_verified_at", "created_at", "updated_at", "deleted_at") VALUES (DEFAULT, $1, $2, $3, $4, $5, $6, $7, $8, DEFAULT, DEFAULT, DEFAULT, DEFAULT) RETURNING "status", "email_verified", "created_at", "updated_at" -- PARAMETERS: ["22c42c8f-afa9-4694-828d-18961c23080c","testuser@example.com","testuser@example.com",null,null,null,"active",false]
error: error: null value in column "id" of relation "customers" violates not-null constraint

stdout | src/__tests__/integration/store-isolation.test.ts > Store Isolation Tests > Address Isolation > should enforce composite FK constraint
query failed: INSERT INTO "customers"("id", "store_id", "email", "email_normalized", "first_name", "last_name", "phone", "status", "email_verified", "email_verified_at", "created_at", "updated_at", "deleted_at") VALUES (DEFAULT, $1, $2, $3, $4, $5, $6, $7, $8, DEFAULT, DEFAULT, DEFAULT, DEFAULT) RETURNING "status", "email_verified", "created_at", "updated_at" -- PARAMETERS: ["7d9b2d42-6221-44c5-ad7c-27e5aba36fef","testuser@example.com","testuser@example.com",null,null,null,"active",false]
error: error: null value in column "id" of relation "customers" violates not-null constraint

stdout | src/__tests__/integration/store-isolation.test.ts > Store Isolation Tests > Session Isolation > should isolate sessions by store
query failed: INSERT INTO "sessions"("id", "store_id", "customer_id", "token_hash", "ip_address", "user_agent", "device_type", "device_name", "is_active", "created_at", "last_activity_at", "expires_at", "revoked_at") VALUES (DEFAULT, $1, $2, $3, $4, $5, $6, $7, $8, $9, $10, $11, $12) RETURNING "is_active", "created_at" -- PARAMETERS: ["745f93ad-ac33-4374-8d53-89ead6d1cf7c","747669be-7b35-4eb3-afee-c55e89bd6c70","test-hash-1","192.168.1.1",null,null,null,true,"2026-09-23T09:35:44.831Z","2026-09-23T09:35:44.831Z","2026-09-24T09:35:44.831Z",null]
error: error: duplicate key value violates unique constraint "UQ_abaa9e068cdd390bc5210f79884"

stdout | src/__tests__/integration/store-isolation.test.ts > Store Isolation Tests > Cross-Store Attack Prevention > should prevent soft delete escape
query failed: INSERT INTO "customers"("id", "store_id", "email", "email_normalized", "first_name", "last_name", "phone", "status", "email_verified", "email_verified_at", "created_at", "updated_at", "deleted_at") VALUES (DEFAULT, $1, $2, $3, $4, $5, $6, $7, $8, DEFAULT, DEFAULT, DEFAULT, DEFAULT) RETURNING "status", "email_verified", "created_at", "updated_at" -- PARAMETERS: ["7f6a9d2d-1a01-48d5-ab27-fd7fe0cedc1e","user@example.com","user@example.com",null,null,null,"active",false]
error: error: null value in column "id" of relation "customers" violates not-null constraint

stdout | src/__tests__/integration/store-isolation.test.ts > Store Isolation Tests > Cross-Store Attack Prevention > should prevent soft delete escape
query failed: INSERT INTO "customers"("id", "store_id", "email", "email_normalized", "first_name", "last_name", "phone", "status", "email_verified", "email_verified_at", "created_at", "updated_at", "deleted_at") VALUES (DEFAULT, $1, $2, $3, $4, $5, $6, $7, $8, DEFAULT, DEFAULT, DEFAULT, DEFAULT) RETURNING "status", "email_verified", "created_at", "updated_at" -- PARAMETERS: ["67b0529c-c73c-4c06-befe-f066c1b2446d","user@example.com","user@example.com",null,null,null,"active",false]
error: error: null value in column "id" of relation "customers" violates not-null constraint

stdout | src/__tests__/integration/store-isolation.test.ts
✅ Test database closed

 ❯ src/__tests__/integration/store-isolation.test.ts  (15 tests | 10 failed) 1234ms
   ❯ src/__tests__/integration/store-isolation.test.ts > Store Isolation Tests > Customer Isolation > should allow same email in different stores
     → Failed to save CustomerRepository
   ❯ src/__tests__/integration/store-isolation.test.ts > Store Isolation Tests > Customer Isolation > should prevent duplicate email in same store
     → Failed to save CustomerRepository
   ❯ src/__tests__/integration/store-isolation.test.ts > Store Isolation Tests > Customer Isolation > should not find customer from different store
     → Failed to save CustomerRepository
   ❯ src/__tests__/integration/store-isolation.test.ts > Store Isolation Tests > Customer Isolation > should filter customers by store
     → Failed to save CustomerRepository
   ❯ src/__tests__/integration/store-isolation.test.ts > Store Isolation Tests > Address Isolation > should isolate addresses by store
     → Failed to save CustomerRepository
   ❯ src/__tests__/integration/store-isolation.test.ts > Store Isolation Tests > Address Isolation > should prevent cross-store address retrieval
     → Failed to save CustomerRepository
   ❯ src/__tests__/integration/store-isolation.test.ts > Store Isolation Tests > Address Isolation > should enforce composite FK constraint
     → Failed to save CustomerRepository
   ❯ src/__tests__/integration/store-isolation.test.ts > Store Isolation Tests > Session Isolation > should isolate sessions by store
     → Duplicate entry: duplicate key value violates unique constraint "UQ_abaa9e068cdd390bc5210f79884"
   ❯ src/__tests__/integration/store-isolation.test.ts > Store Isolation Tests > Cross-Store Attack Prevention > should prevent soft delete escape
     → Failed to save CustomerRepository
   ❯ src/__tests__/integration/store-isolation.test.ts > Store Isolation Tests > Audit Log Isolation > should scope audit logs to store
     → Cannot find module '../../core/repositories/audit-log.repository.js'
Require stack:
- /Users/apple/Projects/faded-chapter-backend/src/__tests__/integration/store-isolation.test.ts

⎯⎯⎯⎯⎯⎯ Failed Tests 10 ⎯⎯⎯⎯⎯⎯⎯

 FAIL  src/__tests__/integration/store-isolation.test.ts > Store Isolation Tests > Customer Isolation > should allow same email in different stores
Error: Failed to save CustomerRepository
 ❯ CustomerRepository.save src/core/repository/base-repository.ts:98:13
     96|         throw new Error(`Duplicate entry: ${dbError.message}`);
     97|       }
     98|       throw new DatabaseError(`Failed to save ${this.constructor.name}…
       |             ^
     99|     }
    100|   }
 ❯ src/__tests__/integration/store-isolation.test.ts:32:25

⎯⎯⎯⎯⎯⎯⎯⎯⎯⎯⎯⎯⎯⎯⎯⎯⎯⎯⎯⎯⎯⎯⎯⎯⎯⎯⎯⎯⎯⎯
Serialized Error: { code: 'DATABASE_ERROR', statusCode: 500, details: { originalError: 'null value in column "id" of relation "customers" violates not-null constraint' }, toResponse: 'Function<toResponse>' }
⎯⎯⎯⎯⎯⎯⎯⎯⎯⎯⎯⎯⎯⎯⎯⎯⎯⎯⎯⎯⎯⎯⎯[1/10]⎯

 FAIL  src/__tests__/integration/store-isolation.test.ts > Store Isolation Tests > Customer Isolation > should prevent duplicate email in same store
Error: Failed to save CustomerRepository
 ❯ CustomerRepository.save src/core/repository/base-repository.ts:98:13
     96|         throw new Error(`Duplicate entry: ${dbError.message}`);
     97|       }
     98|       throw new DatabaseError(`Failed to save ${this.constructor.name}…
       |             ^
     99|     }
    100|   }
 ❯ src/__tests__/integration/store-isolation.test.ts:46:7

⎯⎯⎯⎯⎯⎯⎯⎯⎯⎯⎯⎯⎯⎯⎯⎯⎯⎯⎯⎯⎯⎯⎯⎯⎯⎯⎯⎯⎯⎯
Serialized Error: { code: 'DATABASE_ERROR', statusCode: 500, details: { originalError: 'null value in column "id" of relation "customers" violates not-null constraint' }, toResponse: 'Function<toResponse>' }
⎯⎯⎯⎯⎯⎯⎯⎯⎯⎯⎯⎯⎯⎯⎯⎯⎯⎯⎯⎯⎯⎯⎯[2/10]⎯

 FAIL  src/__tests__/integration/store-isolation.test.ts > Store Isolation Tests > Customer Isolation > should not find customer from different store
Error: Failed to save CustomerRepository
 ❯ CustomerRepository.save src/core/repository/base-repository.ts:98:13
     96|         throw new Error(`Duplicate entry: ${dbError.message}`);
     97|       }
     98|       throw new DatabaseError(`Failed to save ${this.constructor.name}…
       |             ^
     99|     }
    100|   }
 ❯ src/__tests__/integration/store-isolation.test.ts:58:25

⎯⎯⎯⎯⎯⎯⎯⎯⎯⎯⎯⎯⎯⎯⎯⎯⎯⎯⎯⎯⎯⎯⎯⎯⎯⎯⎯⎯⎯⎯
Serialized Error: { code: 'DATABASE_ERROR', statusCode: 500, details: { originalError: 'null value in column "id" of relation "customers" violates not-null constraint' }, toResponse: 'Function<toResponse>' }
⎯⎯⎯⎯⎯⎯⎯⎯⎯⎯⎯⎯⎯⎯⎯⎯⎯⎯⎯⎯⎯⎯⎯[3/10]⎯

 FAIL  src/__tests__/integration/store-isolation.test.ts > Store Isolation Tests > Customer Isolation > should filter customers by store
Error: Failed to save CustomerRepository
 ❯ CustomerRepository.save src/core/repository/base-repository.ts:98:13
     96|         throw new Error(`Duplicate entry: ${dbError.message}`);
     97|       }
     98|       throw new DatabaseError(`Failed to save ${this.constructor.name}…
       |             ^
     99|     }
    100|   }
 ❯ src/__tests__/integration/store-isolation.test.ts:66:25

⎯⎯⎯⎯⎯⎯⎯⎯⎯⎯⎯⎯⎯⎯⎯⎯⎯⎯⎯⎯⎯⎯⎯⎯⎯⎯⎯⎯⎯⎯
Serialized Error: { code: 'DATABASE_ERROR', statusCode: 500, details: { originalError: 'null value in column "id" of relation "customers" violates not-null constraint' }, toResponse: 'Function<toResponse>' }
⎯⎯⎯⎯⎯⎯⎯⎯⎯⎯⎯⎯⎯⎯⎯⎯⎯⎯⎯⎯⎯⎯⎯[4/10]⎯

 FAIL  src/__tests__/integration/store-isolation.test.ts > Store Isolation Tests > Address Isolation > should isolate addresses by store
 FAIL  src/__tests__/integration/store-isolation.test.ts > Store Isolation Tests > Address Isolation > should prevent cross-store address retrieval
 FAIL  src/__tests__/integration/store-isolation.test.ts > Store Isolation Tests > Address Isolation > should enforce composite FK constraint
Error: Failed to save CustomerRepository
 ❯ CustomerRepository.save src/core/repository/base-repository.ts:98:13
     96|         throw new Error(`Duplicate entry: ${dbError.message}`);
     97|       }
     98|       throw new DatabaseError(`Failed to save ${this.constructor.name}…
       |             ^
     99|     }
    100|   }
 ❯ src/__tests__/integration/store-isolation.test.ts:88:18

⎯⎯⎯⎯⎯⎯⎯⎯⎯⎯⎯⎯⎯⎯⎯⎯⎯⎯⎯⎯⎯⎯⎯⎯⎯⎯⎯⎯⎯⎯
Serialized Error: { code: 'DATABASE_ERROR', statusCode: 500, details: { originalError: 'null value in column "id" of relation "customers" violates not-null constraint' }, toResponse: 'Function<toResponse>' }
⎯⎯⎯⎯⎯⎯⎯⎯⎯⎯⎯⎯⎯⎯⎯⎯⎯⎯⎯⎯⎯⎯⎯[5/10]⎯

 FAIL  src/__tests__/integration/store-isolation.test.ts > Store Isolation Tests > Session Isolation > should isolate sessions by store
Error: Duplicate entry: duplicate key value violates unique constraint "UQ_abaa9e068cdd390bc5210f79884"
 ❯ SessionRepository.save src/core/repository/base-repository.ts:96:15
     94|       const dbError = error as Error;
     95|       if (dbError.message.includes('unique constraint')) {
     96|         throw new Error(`Duplicate entry: ${dbError.message}`);
       |               ^
     97|       }
     98|       throw new DatabaseError(`Failed to save ${this.constructor.name}…
 ❯ src/__tests__/integration/store-isolation.test.ts:147:24

⎯⎯⎯⎯⎯⎯⎯⎯⎯⎯⎯⎯⎯⎯⎯⎯⎯⎯⎯⎯⎯⎯⎯[6/10]⎯

 FAIL  src/__tests__/integration/store-isolation.test.ts > Store Isolation Tests > Cross-Store Attack Prevention > should prevent soft delete escape
Error: Failed to save CustomerRepository
 ❯ CustomerRepository.save src/core/repository/base-repository.ts:98:13
     96|         throw new Error(`Duplicate entry: ${dbError.message}`);
     97|       }
     98|       throw new DatabaseError(`Failed to save ${this.constructor.name}…
       |             ^
     99|     }
    100|   }
 ❯ src/__tests__/integration/store-isolation.test.ts:197:25

⎯⎯⎯⎯⎯⎯⎯⎯⎯⎯⎯⎯⎯⎯⎯⎯⎯⎯⎯⎯⎯⎯⎯⎯⎯⎯⎯⎯⎯⎯
Serialized Error: { code: 'DATABASE_ERROR', statusCode: 500, details: { originalError: 'null value in column "id" of relation "customers" violates not-null constraint' }, toResponse: 'Function<toResponse>' }
⎯⎯⎯⎯⎯⎯⎯⎯⎯⎯⎯⎯⎯⎯⎯⎯⎯⎯⎯⎯⎯⎯⎯[7/10]⎯

 FAIL  src/__tests__/integration/store-isolation.test.ts > Store Isolation Tests > Audit Log Isolation > should scope audit logs to store
Error: Cannot find module '../../core/repositories/audit-log.repository.js'
Require stack:
- /Users/apple/Projects/faded-chapter-backend/src/__tests__/integration/store-isolation.test.ts
 ❯ src/__tests__/integration/store-isolation.test.ts:247:25
    245|   describe('Audit Log Isolation', () => {
    246|     it('should scope audit logs to store', async () => {
    247|       const auditRepo = require('../../core/repositories/audit-log.rep…
       |                         ^
    248|       const repo = new auditRepo();
    249| 

⎯⎯⎯⎯⎯⎯⎯⎯⎯⎯⎯⎯⎯⎯⎯⎯⎯⎯⎯⎯⎯⎯⎯⎯⎯⎯⎯⎯⎯⎯
Serialized Error: { code: 'MODULE_NOT_FOUND', requireStack: [ '/Users/apple/Projects/faded-chapter-backend/src/__tests__/integration/store-isolation.test.ts' ] }
⎯⎯⎯⎯⎯⎯⎯⎯⎯⎯⎯⎯⎯⎯⎯⎯⎯⎯⎯⎯⎯⎯⎯[8/10]⎯

 Test Files  1 failed (1)
      Tests  10 failed | 5 passed (15)
   Start at  15:05:44
   Duration  1.48s


 FAIL  Tests failed. Watching for file changes...
       press h to show help, press q to quit
       rerun x1
[2K[1A[2K[G[3Jc
 RERUN  src/__tests__/integration/store-isolation.test.ts x2

stdout | src/__tests__/integration/store-isolation.test.ts
✅ faded_chapter_test connected

stdout | src/__tests__/integration/store-isolation.test.ts
✅ Migrations completed
✅ Test database initialized

stdout | src/__tests__/integration/store-isolation.test.ts > Store Isolation Tests > Customer Isolation > should allow same email in different stores
query failed: INSERT INTO "customers"("id", "store_id", "email", "email_normalized", "first_name", "last_name", "phone", "status", "email_verified", "email_verified_at", "created_at", "updated_at", "deleted_at") VALUES (DEFAULT, $1, $2, $3, $4, $5, $6, $7, $8, DEFAULT, DEFAULT, DEFAULT, DEFAULT) RETURNING "status", "email_verified", "created_at", "updated_at" -- PARAMETERS: ["808cc616-6677-4900-8b54-c95174968e5f","testuser@example.com","testuser@example.com","Store1",null,null,"active",false]
error: error: null value in column "id" of relation "customers" violates not-null constraint

stdout | src/__tests__/integration/store-isolation.test.ts > Store Isolation Tests > Customer Isolation > should prevent duplicate email in same store
query failed: INSERT INTO "customers"("id", "store_id", "email", "email_normalized", "first_name", "last_name", "phone", "status", "email_verified", "email_verified_at", "created_at", "updated_at", "deleted_at") VALUES (DEFAULT, $1, $2, $3, $4, $5, $6, $7, $8, DEFAULT, DEFAULT, DEFAULT, DEFAULT) RETURNING "status", "email_verified", "created_at", "updated_at" -- PARAMETERS: ["32f81bf5-8e71-4bc1-a6c0-a85801beb88c","testuser@example.com","testuser@example.com",null,null,null,"active",false]
error: error: null value in column "id" of relation "customers" violates not-null constraint

stdout | src/__tests__/integration/store-isolation.test.ts > Store Isolation Tests > Customer Isolation > should not find customer from different store
query failed: INSERT INTO "customers"("id", "store_id", "email", "email_normalized", "first_name", "last_name", "phone", "status", "email_verified", "email_verified_at", "created_at", "updated_at", "deleted_at") VALUES (DEFAULT, $1, $2, $3, $4, $5, $6, $7, $8, DEFAULT, DEFAULT, DEFAULT, DEFAULT) RETURNING "status", "email_verified", "created_at", "updated_at" -- PARAMETERS: ["e6306e36-5eb3-49b5-9977-168ded159e9a","testuser@example.com","testuser@example.com",null,null,null,"active",false]
error: error: null value in column "id" of relation "customers" violates not-null constraint

stdout | src/__tests__/integration/store-isolation.test.ts > Store Isolation Tests > Customer Isolation > should filter customers by store
query failed: INSERT INTO "customers"("id", "store_id", "email", "email_normalized", "first_name", "last_name", "phone", "status", "email_verified", "email_verified_at", "created_at", "updated_at", "deleted_at") VALUES (DEFAULT, $1, $2, $3, $4, $5, $6, $7, $8, DEFAULT, DEFAULT, DEFAULT, DEFAULT) RETURNING "status", "email_verified", "created_at", "updated_at" -- PARAMETERS: ["bcde79ab-c190-46e2-9803-002c33842a80","testuser@example.com","testuser@example.com",null,null,null,"active",false]
error: error: null value in column "id" of relation "customers" violates not-null constraint

stdout | src/__tests__/integration/store-isolation.test.ts > Store Isolation Tests > Address Isolation > should isolate addresses by store
query failed: INSERT INTO "customers"("id", "store_id", "email", "email_normalized", "first_name", "last_name", "phone", "status", "email_verified", "email_verified_at", "created_at", "updated_at", "deleted_at") VALUES (DEFAULT, $1, $2, $3, $4, $5, $6, $7, $8, DEFAULT, DEFAULT, DEFAULT, DEFAULT) RETURNING "status", "email_verified", "created_at", "updated_at" -- PARAMETERS: ["8cbaf999-3ddc-4120-88a8-441f540c73bf","testuser@example.com","testuser@example.com",null,null,null,"active",false]
error: error: null value in column "id" of relation "customers" violates not-null constraint

stdout | src/__tests__/integration/store-isolation.test.ts > Store Isolation Tests > Address Isolation > should prevent cross-store address retrieval
query failed: INSERT INTO "customers"("id", "store_id", "email", "email_normalized", "first_name", "last_name", "phone", "status", "email_verified", "email_verified_at", "created_at", "updated_at", "deleted_at") VALUES (DEFAULT, $1, $2, $3, $4, $5, $6, $7, $8, DEFAULT, DEFAULT, DEFAULT, DEFAULT) RETURNING "status", "email_verified", "created_at", "updated_at" -- PARAMETERS: ["51d22f70-0125-46df-8835-a26a0548b22a","testuser@example.com","testuser@example.com",null,null,null,"active",false]
error: error: null value in column "id" of relation "customers" violates not-null constraint

stdout | src/__tests__/integration/store-isolation.test.ts > Store Isolation Tests > Address Isolation > should enforce composite FK constraint
query failed: INSERT INTO "customers"("id", "store_id", "email", "email_normalized", "first_name", "last_name", "phone", "status", "email_verified", "email_verified_at", "created_at", "updated_at", "deleted_at") VALUES (DEFAULT, $1, $2, $3, $4, $5, $6, $7, $8, DEFAULT, DEFAULT, DEFAULT, DEFAULT) RETURNING "status", "email_verified", "created_at", "updated_at" -- PARAMETERS: ["62e1c55f-a7ec-41e7-8456-d18d2c4cab79","testuser@example.com","testuser@example.com",null,null,null,"active",false]
error: error: null value in column "id" of relation "customers" violates not-null constraint

stdout | src/__tests__/integration/store-isolation.test.ts > Store Isolation Tests > Session Isolation > should isolate sessions by store
query failed: INSERT INTO "sessions"("id", "store_id", "customer_id", "token_hash", "ip_address", "user_agent", "device_type", "device_name", "is_active", "created_at", "last_activity_at", "expires_at", "revoked_at") VALUES (DEFAULT, $1, $2, $3, $4, $5, $6, $7, $8, $9, $10, $11, $12) RETURNING "is_active", "created_at" -- PARAMETERS: ["ce9007fd-53a8-413d-b1fb-72a67f281462","fecf4c46-73eb-4f3e-a593-9f8fbe2598a9","test-hash-1","192.168.1.1",null,null,null,true,"2026-09-23T09:35:48.990Z","2026-09-23T09:35:48.990Z","2026-09-24T09:35:48.990Z",null]
error: error: duplicate key value violates unique constraint "UQ_abaa9e068cdd390bc5210f79884"

stdout | src/__tests__/integration/store-isolation.test.ts > Store Isolation Tests > Cross-Store Attack Prevention > should prevent soft delete escape
query failed: INSERT INTO "customers"("id", "store_id", "email", "email_normalized", "first_name", "last_name", "phone", "status", "email_verified", "email_verified_at", "created_at", "updated_at", "deleted_at") VALUES (DEFAULT, $1, $2, $3, $4, $5, $6, $7, $8, DEFAULT, DEFAULT, DEFAULT, DEFAULT) RETURNING "status", "email_verified", "created_at", "updated_at" -- PARAMETERS: ["bdb82b50-4cbe-4d66-9e1b-41288ad38bd1","user@example.com","user@example.com",null,null,null,"active",false]
error: error: null value in column "id" of relation "customers" violates not-null constraint

stdout | src/__tests__/integration/store-isolation.test.ts > Store Isolation Tests > Cross-Store Attack Prevention > should prevent soft delete escape
query failed: INSERT INTO "customers"("id", "store_id", "email", "email_normalized", "first_name", "last_name", "phone", "status", "email_verified", "email_verified_at", "created_at", "updated_at", "deleted_at") VALUES (DEFAULT, $1, $2, $3, $4, $5, $6, $7, $8, DEFAULT, DEFAULT, DEFAULT, DEFAULT) RETURNING "status", "email_verified", "created_at", "updated_at" -- PARAMETERS: ["7f36bcc7-52f7-44d2-b1be-3d6db6eaf58a","user@example.com","user@example.com",null,null,null,"active",false]
error: error: null value in column "id" of relation "customers" violates not-null constraint

stdout | src/__tests__/integration/store-isolation.test.ts > Store Isolation Tests > Audit Log Isolation > should scope audit logs to store
query failed: INSERT INTO "audit_logs"("id", "store_id", "table_name", "record_id", "actor_id", "actor_type", "action", "changes", "ip_address", "user_agent", "created_at") VALUES (DEFAULT, $1, $2, $3, $4, $5, $6, $7, $8, $9, $10) RETURNING "created_at" -- PARAMETERS: ["ed41856a-9c0e-4025-8c4e-4f56ca029218","customers","test-id","actor-1","customer","insert","{}",null,null,"2026-09-23T09:35:49.112Z"]
error: error: invalid input syntax for type uuid: "test-id"

stdout | src/__tests__/integration/store-isolation.test.ts
✅ Test database closed

 ❯ src/__tests__/integration/store-isolation.test.ts  (15 tests | 10 failed) 269ms
   ❯ src/__tests__/integration/store-isolation.test.ts > Store Isolation Tests > Customer Isolation > should allow same email in different stores
     → Failed to save CustomerRepository
   ❯ src/__tests__/integration/store-isolation.test.ts > Store Isolation Tests > Customer Isolation > should prevent duplicate email in same store
     → Failed to save CustomerRepository
   ❯ src/__tests__/integration/store-isolation.test.ts > Store Isolation Tests > Customer Isolation > should not find customer from different store
     → Failed to save CustomerRepository
   ❯ src/__tests__/integration/store-isolation.test.ts > Store Isolation Tests > Customer Isolation > should filter customers by store
     → Failed to save CustomerRepository
   ❯ src/__tests__/integration/store-isolation.test.ts > Store Isolation Tests > Address Isolation > should isolate addresses by store
     → Failed to save CustomerRepository
   ❯ src/__tests__/integration/store-isolation.test.ts > Store Isolation Tests > Address Isolation > should prevent cross-store address retrieval
     → Failed to save CustomerRepository
   ❯ src/__tests__/integration/store-isolation.test.ts > Store Isolation Tests > Address Isolation > should enforce composite FK constraint
     → Failed to save CustomerRepository
   ❯ src/__tests__/integration/store-isolation.test.ts > Store Isolation Tests > Session Isolation > should isolate sessions by store
     → Duplicate entry: duplicate key value violates unique constraint "UQ_abaa9e068cdd390bc5210f79884"
   ❯ src/__tests__/integration/store-isolation.test.ts > Store Isolation Tests > Cross-Store Attack Prevention > should prevent soft delete escape
     → Failed to save CustomerRepository
   ❯ src/__tests__/integration/store-isolation.test.ts > Store Isolation Tests > Audit Log Isolation > should scope audit logs to store
     → Failed to save AuditLogRepository

⎯⎯⎯⎯⎯⎯ Failed Tests 10 ⎯⎯⎯⎯⎯⎯⎯

 FAIL  src/__tests__/integration/store-isolation.test.ts > Store Isolation Tests > Customer Isolation > should allow same email in different stores
Error: Failed to save CustomerRepository
 ❯ CustomerRepository.save src/core/repository/base-repository.ts:98:13
     96|         throw new Error(`Duplicate entry: ${dbError.message}`);
     97|       }
     98|       throw new DatabaseError(`Failed to save ${this.constructor.name}…
       |             ^
     99|     }
    100|   }
 ❯ src/__tests__/integration/store-isolation.test.ts:32:25

⎯⎯⎯⎯⎯⎯⎯⎯⎯⎯⎯⎯⎯⎯⎯⎯⎯⎯⎯⎯⎯⎯⎯⎯⎯⎯⎯⎯⎯⎯
Serialized Error: { code: 'DATABASE_ERROR', statusCode: 500, details: { originalError: 'null value in column "id" of relation "customers" violates not-null constraint' }, toResponse: 'Function<toResponse>' }
⎯⎯⎯⎯⎯⎯⎯⎯⎯⎯⎯⎯⎯⎯⎯⎯⎯⎯⎯⎯⎯⎯⎯[1/10]⎯

 FAIL  src/__tests__/integration/store-isolation.test.ts > Store Isolation Tests > Customer Isolation > should prevent duplicate email in same store
Error: Failed to save CustomerRepository
 ❯ CustomerRepository.save src/core/repository/base-repository.ts:98:13
     96|         throw new Error(`Duplicate entry: ${dbError.message}`);
     97|       }
     98|       throw new DatabaseError(`Failed to save ${this.constructor.name}…
       |             ^
     99|     }
    100|   }
 ❯ src/__tests__/integration/store-isolation.test.ts:46:7

⎯⎯⎯⎯⎯⎯⎯⎯⎯⎯⎯⎯⎯⎯⎯⎯⎯⎯⎯⎯⎯⎯⎯⎯⎯⎯⎯⎯⎯⎯
Serialized Error: { code: 'DATABASE_ERROR', statusCode: 500, details: { originalError: 'null value in column "id" of relation "customers" violates not-null constraint' }, toResponse: 'Function<toResponse>' }
⎯⎯⎯⎯⎯⎯⎯⎯⎯⎯⎯⎯⎯⎯⎯⎯⎯⎯⎯⎯⎯⎯⎯[2/10]⎯

 FAIL  src/__tests__/integration/store-isolation.test.ts > Store Isolation Tests > Customer Isolation > should not find customer from different store
Error: Failed to save CustomerRepository
 ❯ CustomerRepository.save src/core/repository/base-repository.ts:98:13
     96|         throw new Error(`Duplicate entry: ${dbError.message}`);
     97|       }
     98|       throw new DatabaseError(`Failed to save ${this.constructor.name}…
       |             ^
     99|     }
    100|   }
 ❯ src/__tests__/integration/store-isolation.test.ts:58:25

⎯⎯⎯⎯⎯⎯⎯⎯⎯⎯⎯⎯⎯⎯⎯⎯⎯⎯⎯⎯⎯⎯⎯⎯⎯⎯⎯⎯⎯⎯
Serialized Error: { code: 'DATABASE_ERROR', statusCode: 500, details: { originalError: 'null value in column "id" of relation "customers" violates not-null constraint' }, toResponse: 'Function<toResponse>' }
⎯⎯⎯⎯⎯⎯⎯⎯⎯⎯⎯⎯⎯⎯⎯⎯⎯⎯⎯⎯⎯⎯⎯[3/10]⎯

 FAIL  src/__tests__/integration/store-isolation.test.ts > Store Isolation Tests > Customer Isolation > should filter customers by store
Error: Failed to save CustomerRepository
 ❯ CustomerRepository.save src/core/repository/base-repository.ts:98:13
     96|         throw new Error(`Duplicate entry: ${dbError.message}`);
     97|       }
     98|       throw new DatabaseError(`Failed to save ${this.constructor.name}…
       |             ^
     99|     }
    100|   }
 ❯ src/__tests__/integration/store-isolation.test.ts:66:25

⎯⎯⎯⎯⎯⎯⎯⎯⎯⎯⎯⎯⎯⎯⎯⎯⎯⎯⎯⎯⎯⎯⎯⎯⎯⎯⎯⎯⎯⎯
Serialized Error: { code: 'DATABASE_ERROR', statusCode: 500, details: { originalError: 'null value in column "id" of relation "customers" violates not-null constraint' }, toResponse: 'Function<toResponse>' }
⎯⎯⎯⎯⎯⎯⎯⎯⎯⎯⎯⎯⎯⎯⎯⎯⎯⎯⎯⎯⎯⎯⎯[4/10]⎯

 FAIL  src/__tests__/integration/store-isolation.test.ts > Store Isolation Tests > Address Isolation > should isolate addresses by store
 FAIL  src/__tests__/integration/store-isolation.test.ts > Store Isolation Tests > Address Isolation > should prevent cross-store address retrieval
 FAIL  src/__tests__/integration/store-isolation.test.ts > Store Isolation Tests > Address Isolation > should enforce composite FK constraint
Error: Failed to save CustomerRepository
 ❯ CustomerRepository.save src/core/repository/base-repository.ts:98:13
     96|         throw new Error(`Duplicate entry: ${dbError.message}`);
     97|       }
     98|       throw new DatabaseError(`Failed to save ${this.constructor.name}…
       |             ^
     99|     }
    100|   }
 ❯ src/__tests__/integration/store-isolation.test.ts:88:18

⎯⎯⎯⎯⎯⎯⎯⎯⎯⎯⎯⎯⎯⎯⎯⎯⎯⎯⎯⎯⎯⎯⎯⎯⎯⎯⎯⎯⎯⎯
Serialized Error: { code: 'DATABASE_ERROR', statusCode: 500, details: { originalError: 'null value in column "id" of relation "customers" violates not-null constraint' }, toResponse: 'Function<toResponse>' }
⎯⎯⎯⎯⎯⎯⎯⎯⎯⎯⎯⎯⎯⎯⎯⎯⎯⎯⎯⎯⎯⎯⎯[5/10]⎯

 FAIL  src/__tests__/integration/store-isolation.test.ts > Store Isolation Tests > Session Isolation > should isolate sessions by store
Error: Duplicate entry: duplicate key value violates unique constraint "UQ_abaa9e068cdd390bc5210f79884"
 ❯ SessionRepository.save src/core/repository/base-repository.ts:96:15
     94|       const dbError = error as Error;
     95|       if (dbError.message.includes('unique constraint')) {
     96|         throw new Error(`Duplicate entry: ${dbError.message}`);
       |               ^
     97|       }
     98|       throw new DatabaseError(`Failed to save ${this.constructor.name}…
 ❯ src/__tests__/integration/store-isolation.test.ts:147:24

⎯⎯⎯⎯⎯⎯⎯⎯⎯⎯⎯⎯⎯⎯⎯⎯⎯⎯⎯⎯⎯⎯⎯[6/10]⎯

 FAIL  src/__tests__/integration/store-isolation.test.ts > Store Isolation Tests > Cross-Store Attack Prevention > should prevent soft delete escape
Error: Failed to save CustomerRepository
 ❯ CustomerRepository.save src/core/repository/base-repository.ts:98:13
     96|         throw new Error(`Duplicate entry: ${dbError.message}`);
     97|       }
     98|       throw new DatabaseError(`Failed to save ${this.constructor.name}…
       |             ^
     99|     }
    100|   }
 ❯ src/__tests__/integration/store-isolation.test.ts:197:25

⎯⎯⎯⎯⎯⎯⎯⎯⎯⎯⎯⎯⎯⎯⎯⎯⎯⎯⎯⎯⎯⎯⎯⎯⎯⎯⎯⎯⎯⎯
Serialized Error: { code: 'DATABASE_ERROR', statusCode: 500, details: { originalError: 'null value in column "id" of relation "customers" violates not-null constraint' }, toResponse: 'Function<toResponse>' }
⎯⎯⎯⎯⎯⎯⎯⎯⎯⎯⎯⎯⎯⎯⎯⎯⎯⎯⎯⎯⎯⎯⎯[7/10]⎯

 FAIL  src/__tests__/integration/store-isolation.test.ts > Store Isolation Tests > Audit Log Isolation > should scope audit logs to store
Error: Failed to save AuditLogRepository
 ❯ AuditLogRepository.save src/core/repository/base-repository.ts:98:13
     96|         throw new Error(`Duplicate entry: ${dbError.message}`);
     97|       }
     98|       throw new DatabaseError(`Failed to save ${this.constructor.name}…
       |             ^
     99|     }
    100|   }
 ❯ src/__tests__/integration/store-isolation.test.ts:251:20

⎯⎯⎯⎯⎯⎯⎯⎯⎯⎯⎯⎯⎯⎯⎯⎯⎯⎯⎯⎯⎯⎯⎯⎯⎯⎯⎯⎯⎯⎯
Serialized Error: { code: 'DATABASE_ERROR', statusCode: 500, details: { originalError: 'invalid input syntax for type uuid: "test-id"' }, toResponse: 'Function<toResponse>' }
⎯⎯⎯⎯⎯⎯⎯⎯⎯⎯⎯⎯⎯⎯⎯⎯⎯⎯⎯⎯⎯⎯⎯[8/10]⎯

 Test Files  1 failed (1)
      Tests  10 failed | 5 passed (15)
   Start at  15:05:48
   Duration  416ms


 FAIL  Tests failed. Watching for file changes...
       press h to show help, press q to quit
       rerun x2
[2K[1A[2K[G